[merchant.mypos.com/it/login.html]
[backblue.gif]
[fade.gif]
[index.html]
[merchant.mypos.com/build/22232.0384ece1.css]
[merchant.mypos.com/build/91402.b8da3824.css]
[merchant.mypos.com/build/22441.e4134377.css]
[merchant.mypos.com/build/account/images/logo-header-alt.png]
[merchant.mypos.com/build/account/images/login/login_aside_image_app.png]
[merchant.mypos.com/build/account/images/download_options/download-app-store.png]
[merchant.mypos.com/build/account/images/download_options/download-google-play.png]
[merchant.mypos.com/build/account/images/download_options/app-gallery-store.png]
[merchant.mypos.com/it/onboarding.html]
[merchant.mypos.com/build/runtime.97fdf475.js]
[merchant.mypos.com/build/26981.ca530ff9.js]
[merchant.mypos.com/build/19755.c6e3c2c3.js]
[merchant.mypos.com/build/3965.ac2b826e.js]
[merchant.mypos.com/build/28981.9a35a410.js]
[merchant.mypos.com/build/80580.f6cab587.js]
[merchant.mypos.com/build/20454.97b0eb3a.js]
[merchant.mypos.com/build/43734.f15cba7a.js]
[merchant.mypos.com/build/97009.0b2811ac.js]
[merchant.mypos.com/build/11841.39eb8864.js]
[merchant.mypos.com/build/login/js/app.e0121feb.js]
[www.google.com/recaptcha/api.js]
[merchant.mypos.com/it/login.html]
[merchant.mypos.com/build/22232.0384ece1.css]
[merchant.mypos.com/build/node_modules/slick-carousel/slick/ajax-loader.fb6f3c23.gif]
[merchant.mypos.com/build/node_modules/slick-carousel/slick/fonts/slick.a4e97f5a.eot]
[merchant.mypos.com/build/node_modules/slick-carousel/slick/fonts/slick.a4e97f5ad41d.eot]
[merchant.mypos.com/build/node_modules/slick-carousel/slick/fonts/slick.29518378.woff]
[merchant.mypos.com/build/node_modules/slick-carousel/slick/fonts/slick.c94f7671.ttf]
[merchant.mypos.com/build/91402.b8da3824.css]
[merchant.mypos.com/build/node_modules/slick-carousel/slick/fonts/slick.2630a3e3.svg]
[merchant.mypos.com/build/assets/account/fonts/font_icons/font_icons.f75b2549.eot]
[merchant.mypos.com/build/assets/account/fonts/font_icons/font_icons.d7827e97.woff2]
[merchant.mypos.com/build/assets/account/fonts/font_icons/font_icons.fd3931c7.woff]
[merchant.mypos.com/build/assets/account/fonts/font_icons/font_icons.c4ea60fd.ttf]
[merchant.mypos.com/build/assets/account/fonts/font_icons/font_icons.087a151b.svg]
[merchant.mypos.com/build/assets/account/images/img_sprites/sprite.785e6391.png]
[merchant.mypos.com/build/node_modules/flag-icon-css/flags/4x3/eu.db2e50ad.svg]
[merchant.mypos.com/build/node_modules/flag-icon-css/flags/1x1/eu.1019087b.svg]
[merchant.mypos.com/build/node_modules/flag-icon-css/flags/4x3/af.458ab7e0.svg]
[merchant.mypos.com/build/node_modules/flag-icon-css/flags/1x1/af.867627c5.svg]
[merchant.mypos.com/build/node_modules/flag-icon-css/flags/4x3/al.3dd8853b.svg]
[merchant.mypos.com/build/node_modules/flag-icon-css/flags/1x1/al.090568ab.svg]
[merchant.mypos.com/build/node_modules/flag-icon-css/flags/4x3/dz.945a413c.svg]
[merchant.mypos.com/build/node_modules/flag-icon-css/flags/1x1/dz.2be2fee6.svg]
[merchant.mypos.com/build/node_modules/flag-icon-css/flags/4x3/as.3b86b687.svg]
[merchant.mypos.com/build/node_modules/flag-icon-css/flags/1x1/as.7ae00cb9.svg]
[merchant.mypos.com/build/node_modules/flag-icon-css/flags/4x3/ad.45026b92.svg]
[merchant.mypos.com/build/node_modules/flag-icon-css/flags/1x1/ad.94e81025.svg]
[merchant.mypos.com/build/node_modules/flag-icon-css/flags/4x3/ao.ad6f3c8c.svg]
[merchant.mypos.com/build/node_modules/flag-icon-css/flags/1x1/ao.7ed590a1.svg]
[merchant.mypos.com/build/node_modules/flag-icon-css/flags/4x3/ai.c4699001.svg]
[merchant.mypos.com/build/node_modules/flag-icon-css/flags/1x1/ai.546a12e3.svg]
[merchant.mypos.com/build/node_modules/flag-icon-css/flags/4x3/ag.5929ca9f.svg]
[merchant.mypos.com/build/node_modules/flag-icon-css/flags/1x1/ag.3f18bb58.svg]
[merchant.mypos.com/build/node_modules/flag-icon-css/flags/4x3/ar.2ff091f8.svg]
[merchant.mypos.com/build/node_modules/flag-icon-css/flags/1x1/ar.5a7c09af.svg]
[merchant.mypos.com/build/node_modules/flag-icon-css/flags/4x3/am.e935f821.svg]
[merchant.mypos.com/build/node_modules/flag-icon-css/flags/1x1/am.36fc7db3.svg]
[merchant.mypos.com/build/node_modules/flag-icon-css/flags/4x3/aw.98298192.svg]
[merchant.mypos.com/build/node_modules/flag-icon-css/flags/1x1/aw.b478dded.svg]
[merchant.mypos.com/build/node_modules/flag-icon-css/flags/4x3/au.932d9182.svg]
[merchant.mypos.com/build/node_modules/flag-icon-css/flags/1x1/au.5b98a120.svg]
[merchant.mypos.com/build/node_modules/flag-icon-css/flags/4x3/at.1281f451.svg]
[merchant.mypos.com/build/node_modules/flag-icon-css/flags/1x1/at.d7b3791e.svg]
[merchant.mypos.com/build/node_modules/flag-icon-css/flags/4x3/az.d4faca47.svg]
[merchant.mypos.com/build/node_modules/flag-icon-css/flags/1x1/az.84126238.svg]
[merchant.mypos.com/build/node_modules/flag-icon-css/flags/4x3/bs.5497678a.svg]
[merchant.mypos.com/build/node_modules/flag-icon-css/flags/1x1/bs.a9ddb124.svg]
[merchant.mypos.com/build/node_modules/flag-icon-css/flags/4x3/bh.ec61516d.svg]
[merchant.mypos.com/build/node_modules/flag-icon-css/flags/1x1/bh.0cfc5619.svg]
[merchant.mypos.com/build/node_modules/flag-icon-css/flags/4x3/bd.d16830cb.svg]
[merchant.mypos.com/build/node_modules/flag-icon-css/flags/1x1/bd.a3ae69de.svg]
[merchant.mypos.com/build/node_modules/flag-icon-css/flags/4x3/bb.021629a6.svg]
[merchant.mypos.com/build/node_modules/flag-icon-css/flags/1x1/bb.17738ccf.svg]
[merchant.mypos.com/build/node_modules/flag-icon-css/flags/4x3/by.ed1fb533.svg]
[merchant.mypos.com/build/node_modules/flag-icon-css/flags/1x1/by.da99aaa5.svg]
[merchant.mypos.com/build/node_modules/flag-icon-css/flags/4x3/be.410c4acc.svg]
[merchant.mypos.com/build/node_modules/flag-icon-css/flags/1x1/be.914a3c37.svg]
[merchant.mypos.com/build/node_modules/flag-icon-css/flags/4x3/bz.4eb2d29f.svg]
[merchant.mypos.com/build/node_modules/flag-icon-css/flags/1x1/bz.7826f0d5.svg]
[merchant.mypos.com/build/node_modules/flag-icon-css/flags/4x3/bj.e8591ed7.svg]
[merchant.mypos.com/build/node_modules/flag-icon-css/flags/1x1/bj.fb3d1c01.svg]
[merchant.mypos.com/build/node_modules/flag-icon-css/flags/4x3/bm.e2aa572a.svg]
[merchant.mypos.com/build/node_modules/flag-icon-css/flags/1x1/bm.7dd1b92a.svg]
[merchant.mypos.com/build/node_modules/flag-icon-css/flags/4x3/bt.eed19cbf.svg]
[merchant.mypos.com/build/node_modules/flag-icon-css/flags/1x1/bt.1372873e.svg]
[merchant.mypos.com/build/node_modules/flag-icon-css/flags/4x3/bo.1155c3da.svg]
[merchant.mypos.com/build/node_modules/flag-icon-css/flags/1x1/bo.ee5938f0.svg]
[merchant.mypos.com/build/node_modules/flag-icon-css/flags/4x3/bq.8ff78ac2.svg]
[merchant.mypos.com/build/node_modules/flag-icon-css/flags/1x1/bq.6e5b96f6.svg]
[merchant.mypos.com/build/node_modules/flag-icon-css/flags/4x3/ba.7097f2f8.svg]
[merchant.mypos.com/build/node_modules/flag-icon-css/flags/1x1/ba.d1e732dc.svg]
[merchant.mypos.com/build/node_modules/flag-icon-css/flags/4x3/bw.8a35721e.svg]
[merchant.mypos.com/build/node_modules/flag-icon-css/flags/1x1/bw.0acc600b.svg]
[merchant.mypos.com/build/node_modules/flag-icon-css/flags/4x3/bv.b789f839.svg]
[merchant.mypos.com/build/node_modules/flag-icon-css/flags/1x1/bv.adee14dc.svg]
[merchant.mypos.com/build/node_modules/flag-icon-css/flags/4x3/br.5ec13287.svg]
[merchant.mypos.com/build/node_modules/flag-icon-css/flags/1x1/br.b3663866.svg]
[merchant.mypos.com/build/node_modules/flag-icon-css/flags/4x3/io.e31ca9aa.svg]
[merchant.mypos.com/build/node_modules/flag-icon-css/flags/1x1/io.c32d7f9e.svg]
[merchant.mypos.com/build/node_modules/flag-icon-css/flags/4x3/bn.ad7aafa9.svg]
[merchant.mypos.com/build/node_modules/flag-icon-css/flags/1x1/bn.5fd8c652.svg]
[merchant.mypos.com/build/node_modules/flag-icon-css/flags/4x3/bg.c9c13073.svg]
[merchant.mypos.com/build/node_modules/flag-icon-css/flags/1x1/bg.4f2a9bbb.svg]
[merchant.mypos.com/build/node_modules/flag-icon-css/flags/4x3/bf.4275eb85.svg]
[merchant.mypos.com/build/node_modules/flag-icon-css/flags/1x1/bf.6fc31e16.svg]
[merchant.mypos.com/build/node_modules/flag-icon-css/flags/4x3/bi.3fce551e.svg]
[merchant.mypos.com/build/node_modules/flag-icon-css/flags/1x1/bi.5adb744e.svg]
[merchant.mypos.com/build/node_modules/flag-icon-css/flags/4x3/kh.7b33804c.svg]
[merchant.mypos.com/build/node_modules/flag-icon-css/flags/1x1/kh.695ec7a1.svg]
[merchant.mypos.com/build/node_modules/flag-icon-css/flags/4x3/cm.7578267e.svg]
[merchant.mypos.com/build/node_modules/flag-icon-css/flags/1x1/cm.0dcbc4f1.svg]
[merchant.mypos.com/build/node_modules/flag-icon-css/flags/4x3/ca.d348137a.svg]
[merchant.mypos.com/build/node_modules/flag-icon-css/flags/1x1/ca.102b45b2.svg]
[merchant.mypos.com/build/node_modules/flag-icon-css/flags/4x3/cv.43437330.svg]
[merchant.mypos.com/build/node_modules/flag-icon-css/flags/1x1/cv.1ddd3424.svg]
[merchant.mypos.com/build/node_modules/flag-icon-css/flags/4x3/ky.ef8e1877.svg]
[merchant.mypos.com/build/node_modules/flag-icon-css/flags/1x1/ky.c311ddba.svg]
[merchant.mypos.com/build/node_modules/flag-icon-css/flags/4x3/cf.617adc02.svg]
[merchant.mypos.com/build/node_modules/flag-icon-css/flags/1x1/cf.eb50c5ec.svg]
[merchant.mypos.com/build/node_modules/flag-icon-css/flags/4x3/td.230eddd3.svg]
[merchant.mypos.com/build/node_modules/flag-icon-css/flags/1x1/td.ad4b4469.svg]
[merchant.mypos.com/build/node_modules/flag-icon-css/flags/4x3/cl.b9ff305a.svg]
[merchant.mypos.com/build/node_modules/flag-icon-css/flags/1x1/cl.303f56a6.svg]
[merchant.mypos.com/build/node_modules/flag-icon-css/flags/4x3/cn.7977e12a.svg]
[merchant.mypos.com/build/node_modules/flag-icon-css/flags/1x1/cn.f5a6f048.svg]
[merchant.mypos.com/build/node_modules/flag-icon-css/flags/4x3/cx.b9b5e6cd.svg]
[merchant.mypos.com/build/node_modules/flag-icon-css/flags/1x1/cx.dda4107f.svg]
[merchant.mypos.com/build/node_modules/flag-icon-css/flags/4x3/cc.200233c9.svg]
[merchant.mypos.com/build/node_modules/flag-icon-css/flags/1x1/cc.27d55bfa.svg]
[merchant.mypos.com/build/node_modules/flag-icon-css/flags/4x3/co.59ec93f7.svg]
[merchant.mypos.com/build/node_modules/flag-icon-css/flags/1x1/co.4c87d079.svg]
[merchant.mypos.com/build/node_modules/flag-icon-css/flags/4x3/km.93ef5e21.svg]
[merchant.mypos.com/build/node_modules/flag-icon-css/flags/1x1/km.4c4fa2a7.svg]
[merchant.mypos.com/build/node_modules/flag-icon-css/flags/4x3/cg.440e321a.svg]
[merchant.mypos.com/build/node_modules/flag-icon-css/flags/1x1/cg.862f4608.svg]
[merchant.mypos.com/build/node_modules/flag-icon-css/flags/4x3/cd.e5fd4d12.svg]
[merchant.mypos.com/build/node_modules/flag-icon-css/flags/1x1/cd.d44809aa.svg]
[merchant.mypos.com/build/node_modules/flag-icon-css/flags/4x3/ck.65a80cb3.svg]
[merchant.mypos.com/build/node_modules/flag-icon-css/flags/1x1/ck.d76f3968.svg]
[merchant.mypos.com/build/node_modules/flag-icon-css/flags/4x3/cr.6f2d7bb0.svg]
[merchant.mypos.com/build/node_modules/flag-icon-css/flags/1x1/cr.ebed4600.svg]
[merchant.mypos.com/build/node_modules/flag-icon-css/flags/4x3/hr.00a76e1b.svg]
[merchant.mypos.com/build/node_modules/flag-icon-css/flags/1x1/hr.f3f2e25c.svg]
[merchant.mypos.com/build/node_modules/flag-icon-css/flags/4x3/cu.ff35f996.svg]
[merchant.mypos.com/build/node_modules/flag-icon-css/flags/1x1/cu.1452c504.svg]
[merchant.mypos.com/build/node_modules/flag-icon-css/flags/4x3/cw.8e4cecbf.svg]
[merchant.mypos.com/build/node_modules/flag-icon-css/flags/1x1/cw.3fc45037.svg]
[merchant.mypos.com/build/node_modules/flag-icon-css/flags/4x3/cy.70de54e6.svg]
[merchant.mypos.com/build/node_modules/flag-icon-css/flags/1x1/cy.bdc1fde2.svg]
[merchant.mypos.com/build/node_modules/flag-icon-css/flags/4x3/cz.8ef2bc6a.svg]
[merchant.mypos.com/build/node_modules/flag-icon-css/flags/1x1/cz.1b3452b8.svg]
[merchant.mypos.com/build/node_modules/flag-icon-css/flags/4x3/ci.b1030b2b.svg]
[merchant.mypos.com/build/node_modules/flag-icon-css/flags/1x1/ci.6f06682e.svg]
[merchant.mypos.com/build/node_modules/flag-icon-css/flags/4x3/dk.f4e8fc53.svg]
[merchant.mypos.com/build/node_modules/flag-icon-css/flags/1x1/dk.c2e570fa.svg]
[merchant.mypos.com/build/node_modules/flag-icon-css/flags/4x3/dj.76f4cdf5.svg]
[merchant.mypos.com/build/node_modules/flag-icon-css/flags/1x1/dj.278a5a5f.svg]
[merchant.mypos.com/build/node_modules/flag-icon-css/flags/4x3/dm.46675764.svg]
[merchant.mypos.com/build/node_modules/flag-icon-css/flags/1x1/dm.dc345577.svg]
[merchant.mypos.com/build/node_modules/flag-icon-css/flags/4x3/do.c05850db.svg]
[merchant.mypos.com/build/node_modules/flag-icon-css/flags/1x1/do.64a9810e.svg]
[merchant.mypos.com/build/node_modules/flag-icon-css/flags/4x3/ec.3ea7f906.svg]
[merchant.mypos.com/build/node_modules/flag-icon-css/flags/1x1/ec.7be6ca13.svg]
[merchant.mypos.com/build/node_modules/flag-icon-css/flags/4x3/eg.b3580df9.svg]
[merchant.mypos.com/build/node_modules/flag-icon-css/flags/1x1/eg.c6ff8d6c.svg]
[merchant.mypos.com/build/node_modules/flag-icon-css/flags/4x3/sv.3bb132d7.svg]
[merchant.mypos.com/build/node_modules/flag-icon-css/flags/1x1/sv.f4b33140.svg]
[merchant.mypos.com/build/node_modules/flag-icon-css/flags/4x3/gq.c2cb1adb.svg]
[merchant.mypos.com/build/node_modules/flag-icon-css/flags/1x1/gq.89421f59.svg]
[merchant.mypos.com/build/node_modules/flag-icon-css/flags/4x3/er.458bc299.svg]
[merchant.mypos.com/build/node_modules/flag-icon-css/flags/1x1/er.ff62e272.svg]
[merchant.mypos.com/build/node_modules/flag-icon-css/flags/4x3/ee.887a78f0.svg]
[merchant.mypos.com/build/node_modules/flag-icon-css/flags/1x1/ee.7b6b8abc.svg]
[merchant.mypos.com/build/node_modules/flag-icon-css/flags/4x3/et.cbe354bb.svg]
[merchant.mypos.com/build/node_modules/flag-icon-css/flags/1x1/et.061591dd.svg]
[merchant.mypos.com/build/node_modules/flag-icon-css/flags/4x3/fk.ddc6bd17.svg]
[merchant.mypos.com/build/node_modules/flag-icon-css/flags/1x1/fk.fe8e733a.svg]
[merchant.mypos.com/build/node_modules/flag-icon-css/flags/4x3/fo.f284df39.svg]
[merchant.mypos.com/build/node_modules/flag-icon-css/flags/1x1/fo.8b4db68d.svg]
[merchant.mypos.com/build/node_modules/flag-icon-css/flags/4x3/fj.f3d86add.svg]
[merchant.mypos.com/build/node_modules/flag-icon-css/flags/1x1/fj.55dd1c6e.svg]
[merchant.mypos.com/build/node_modules/flag-icon-css/flags/4x3/fi.3b522e7f.svg]
[merchant.mypos.com/build/node_modules/flag-icon-css/flags/1x1/fi.eb793b74.svg]
[merchant.mypos.com/build/node_modules/flag-icon-css/flags/4x3/fr.81d43a15.svg]
[merchant.mypos.com/build/node_modules/flag-icon-css/flags/1x1/fr.c88df329.svg]
[merchant.mypos.com/build/node_modules/flag-icon-css/flags/4x3/gf.695a47d6.svg]
[merchant.mypos.com/build/node_modules/flag-icon-css/flags/1x1/gf.74219f32.svg]
[merchant.mypos.com/build/node_modules/flag-icon-css/flags/4x3/pf.296e9459.svg]
[merchant.mypos.com/build/node_modules/flag-icon-css/flags/1x1/pf.fbd548e6.svg]
[merchant.mypos.com/build/node_modules/flag-icon-css/flags/4x3/tf.cf4959c4.svg]
[merchant.mypos.com/build/node_modules/flag-icon-css/flags/1x1/tf.aaea08de.svg]
[merchant.mypos.com/build/node_modules/flag-icon-css/flags/4x3/ga.4257c8ec.svg]
[merchant.mypos.com/build/node_modules/flag-icon-css/flags/1x1/ga.dec83263.svg]
[merchant.mypos.com/build/node_modules/flag-icon-css/flags/4x3/gm.cdfdf8bc.svg]
[merchant.mypos.com/build/node_modules/flag-icon-css/flags/1x1/gm.65c86e0a.svg]
[merchant.mypos.com/build/node_modules/flag-icon-css/flags/4x3/ge.98cf9dc1.svg]
[merchant.mypos.com/build/node_modules/flag-icon-css/flags/1x1/ge.7ccc29e2.svg]
[merchant.mypos.com/build/node_modules/flag-icon-css/flags/4x3/de.7e82f4c7.svg]
[merchant.mypos.com/build/node_modules/flag-icon-css/flags/1x1/de.11d88d2b.svg]
[merchant.mypos.com/build/node_modules/flag-icon-css/flags/4x3/gh.d060e231.svg]
[merchant.mypos.com/build/node_modules/flag-icon-css/flags/1x1/gh.286f4413.svg]
[merchant.mypos.com/build/node_modules/flag-icon-css/flags/4x3/gi.345b700f.svg]
[merchant.mypos.com/build/node_modules/flag-icon-css/flags/1x1/gi.e73af104.svg]
[merchant.mypos.com/build/node_modules/flag-icon-css/flags/4x3/gr.e2d01167.svg]
[merchant.mypos.com/build/node_modules/flag-icon-css/flags/1x1/gr.c51a52c4.svg]
[merchant.mypos.com/build/node_modules/flag-icon-css/flags/4x3/gl.84ac5572.svg]
[merchant.mypos.com/build/node_modules/flag-icon-css/flags/1x1/gl.68756f32.svg]
[merchant.mypos.com/build/node_modules/flag-icon-css/flags/4x3/gd.b446a44d.svg]
[merchant.mypos.com/build/node_modules/flag-icon-css/flags/1x1/gd.1b313417.svg]
[merchant.mypos.com/build/node_modules/flag-icon-css/flags/4x3/gp.092b6bf9.svg]
[merchant.mypos.com/build/node_modules/flag-icon-css/flags/1x1/gp.30b1d26c.svg]
[merchant.mypos.com/build/node_modules/flag-icon-css/flags/4x3/gu.459831ea.svg]
[merchant.mypos.com/build/node_modules/flag-icon-css/flags/1x1/gu.35820090.svg]
[merchant.mypos.com/build/node_modules/flag-icon-css/flags/4x3/gt.ccfc27d3.svg]
[merchant.mypos.com/build/node_modules/flag-icon-css/flags/1x1/gt.3d87ccc4.svg]
[merchant.mypos.com/build/node_modules/flag-icon-css/flags/4x3/gg.6b23b5b1.svg]
[merchant.mypos.com/build/node_modules/flag-icon-css/flags/1x1/gg.30f47622.svg]
[merchant.mypos.com/build/node_modules/flag-icon-css/flags/4x3/gn.bf5b0873.svg]
[merchant.mypos.com/build/node_modules/flag-icon-css/flags/1x1/gn.7bf7a35a.svg]
[merchant.mypos.com/build/node_modules/flag-icon-css/flags/4x3/gw.f29eedfe.svg]
[merchant.mypos.com/build/node_modules/flag-icon-css/flags/1x1/gw.f647ba54.svg]
[merchant.mypos.com/build/node_modules/flag-icon-css/flags/4x3/gy.49a30b4f.svg]
[merchant.mypos.com/build/node_modules/flag-icon-css/flags/1x1/gy.43c003e2.svg]
[merchant.mypos.com/build/node_modules/flag-icon-css/flags/4x3/ht.3af38bff.svg]
[merchant.mypos.com/build/node_modules/flag-icon-css/flags/1x1/ht.663996cf.svg]
[merchant.mypos.com/build/node_modules/flag-icon-css/flags/4x3/hm.fdd5197f.svg]
[merchant.mypos.com/build/node_modules/flag-icon-css/flags/1x1/hm.8b4c33d4.svg]
[merchant.mypos.com/build/node_modules/flag-icon-css/flags/4x3/va.6d6a5ae6.svg]
[merchant.mypos.com/build/node_modules/flag-icon-css/flags/1x1/va.555e01bd.svg]
[merchant.mypos.com/build/node_modules/flag-icon-css/flags/4x3/hn.f53ee3d6.svg]
[merchant.mypos.com/build/node_modules/flag-icon-css/flags/1x1/hn.ebef2cd5.svg]
[merchant.mypos.com/build/node_modules/flag-icon-css/flags/4x3/hk.c0a93c08.svg]
[merchant.mypos.com/build/node_modules/flag-icon-css/flags/1x1/hk.5a112207.svg]
[merchant.mypos.com/build/node_modules/flag-icon-css/flags/4x3/hu.bcbd2770.svg]
[merchant.mypos.com/build/node_modules/flag-icon-css/flags/1x1/hu.7ae2a1f0.svg]
[merchant.mypos.com/build/node_modules/flag-icon-css/flags/4x3/is.2dfa14d1.svg]
[merchant.mypos.com/build/node_modules/flag-icon-css/flags/1x1/is.1842f1a9.svg]
[merchant.mypos.com/build/node_modules/flag-icon-css/flags/4x3/in.e5926cb7.svg]
[merchant.mypos.com/build/node_modules/flag-icon-css/flags/1x1/in.e626d1bb.svg]
[merchant.mypos.com/build/node_modules/flag-icon-css/flags/4x3/id.e2afd171.svg]
[merchant.mypos.com/build/node_modules/flag-icon-css/flags/1x1/id.0b7fa609.svg]
[merchant.mypos.com/build/node_modules/flag-icon-css/flags/4x3/ir.12e7432b.svg]
[merchant.mypos.com/build/node_modules/flag-icon-css/flags/1x1/ir.c945dfdf.svg]
[merchant.mypos.com/build/node_modules/flag-icon-css/flags/4x3/iq.5cd51d2b.svg]
[merchant.mypos.com/build/node_modules/flag-icon-css/flags/1x1/iq.e549011e.svg]
[merchant.mypos.com/build/node_modules/flag-icon-css/flags/4x3/ie.5ecf710f.svg]
[merchant.mypos.com/build/node_modules/flag-icon-css/flags/1x1/ie.1b0ac4e7.svg]
[merchant.mypos.com/build/node_modules/flag-icon-css/flags/4x3/im.b21ce587.svg]
[merchant.mypos.com/build/node_modules/flag-icon-css/flags/1x1/im.d637f63b.svg]
[merchant.mypos.com/build/node_modules/flag-icon-css/flags/4x3/il.4c70e232.svg]
[merchant.mypos.com/build/node_modules/flag-icon-css/flags/1x1/il.3bc4ce04.svg]
[merchant.mypos.com/build/node_modules/flag-icon-css/flags/4x3/it.290f2fec.svg]
[merchant.mypos.com/build/node_modules/flag-icon-css/flags/1x1/it.9938f4b9.svg]
[merchant.mypos.com/build/node_modules/flag-icon-css/flags/4x3/jm.6bb96bbc.svg]
[merchant.mypos.com/build/node_modules/flag-icon-css/flags/1x1/jm.74ccffca.svg]
[merchant.mypos.com/build/node_modules/flag-icon-css/flags/4x3/jp.19c631c1.svg]
[merchant.mypos.com/build/node_modules/flag-icon-css/flags/1x1/jp.980c12c5.svg]
[merchant.mypos.com/build/node_modules/flag-icon-css/flags/4x3/je.7a0b4850.svg]
[merchant.mypos.com/build/node_modules/flag-icon-css/flags/1x1/je.e1bb30f3.svg]
[merchant.mypos.com/build/node_modules/flag-icon-css/flags/4x3/jo.f41fe7d2.svg]
[merchant.mypos.com/build/node_modules/flag-icon-css/flags/1x1/jo.e678dae8.svg]
[merchant.mypos.com/build/node_modules/flag-icon-css/flags/4x3/kz.7194851e.svg]
[merchant.mypos.com/build/node_modules/flag-icon-css/flags/1x1/kz.f528d170.svg]
[merchant.mypos.com/build/node_modules/flag-icon-css/flags/4x3/ke.74aaf585.svg]
[merchant.mypos.com/build/node_modules/flag-icon-css/flags/1x1/ke.9ea89091.svg]
[merchant.mypos.com/build/node_modules/flag-icon-css/flags/4x3/ki.de100d30.svg]
[merchant.mypos.com/build/node_modules/flag-icon-css/flags/1x1/ki.32000b05.svg]
[merchant.mypos.com/build/node_modules/flag-icon-css/flags/4x3/kp.8d10def4.svg]
[merchant.mypos.com/build/node_modules/flag-icon-css/flags/1x1/kp.2e79afa2.svg]
[merchant.mypos.com/build/node_modules/flag-icon-css/flags/4x3/kr.939387c3.svg]
[merchant.mypos.com/build/node_modules/flag-icon-css/flags/1x1/kr.9406f22f.svg]
[merchant.mypos.com/build/node_modules/flag-icon-css/flags/4x3/kw.2dce482d.svg]
[merchant.mypos.com/build/node_modules/flag-icon-css/flags/1x1/kw.a3a60802.svg]
[merchant.mypos.com/build/node_modules/flag-icon-css/flags/4x3/kg.1fe994c1.svg]
[merchant.mypos.com/build/node_modules/flag-icon-css/flags/1x1/kg.4ad89b3a.svg]
[merchant.mypos.com/build/node_modules/flag-icon-css/flags/4x3/la.8d6ad26b.svg]
[merchant.mypos.com/build/node_modules/flag-icon-css/flags/1x1/la.80cf2b55.svg]
[merchant.mypos.com/build/node_modules/flag-icon-css/flags/4x3/lv.9a5d132c.svg]
[merchant.mypos.com/build/node_modules/flag-icon-css/flags/1x1/lv.2ce7f836.svg]
[merchant.mypos.com/build/node_modules/flag-icon-css/flags/4x3/lb.75479923.svg]
[merchant.mypos.com/build/node_modules/flag-icon-css/flags/1x1/lb.940cc75a.svg]
[merchant.mypos.com/build/node_modules/flag-icon-css/flags/4x3/ls.0de0f907.svg]
[merchant.mypos.com/build/node_modules/flag-icon-css/flags/1x1/ls.cddead61.svg]
[merchant.mypos.com/build/node_modules/flag-icon-css/flags/4x3/lr.3a7c494b.svg]
[merchant.mypos.com/build/node_modules/flag-icon-css/flags/1x1/lr.74dcec3f.svg]
[merchant.mypos.com/build/node_modules/flag-icon-css/flags/4x3/ly.0ea8dfce.svg]
[merchant.mypos.com/build/node_modules/flag-icon-css/flags/1x1/ly.9d867c1b.svg]
[merchant.mypos.com/build/node_modules/flag-icon-css/flags/4x3/li.69a1d60c.svg]
[merchant.mypos.com/build/node_modules/flag-icon-css/flags/1x1/li.572f9027.svg]
[merchant.mypos.com/build/node_modules/flag-icon-css/flags/4x3/lt.4c19d3a9.svg]
[merchant.mypos.com/build/node_modules/flag-icon-css/flags/1x1/lt.2ea82cfc.svg]
[merchant.mypos.com/build/node_modules/flag-icon-css/flags/4x3/lu.adc8f77e.svg]
[merchant.mypos.com/build/node_modules/flag-icon-css/flags/1x1/lu.b843e643.svg]
[merchant.mypos.com/build/node_modules/flag-icon-css/flags/4x3/mo.ac9b1701.svg]
[merchant.mypos.com/build/node_modules/flag-icon-css/flags/1x1/mo.8d484888.svg]
[merchant.mypos.com/build/node_modules/flag-icon-css/flags/4x3/mk.31ba11ec.svg]
[merchant.mypos.com/build/node_modules/flag-icon-css/flags/1x1/mk.c370fe88.svg]
[merchant.mypos.com/build/node_modules/flag-icon-css/flags/4x3/mg.f9101073.svg]
[merchant.mypos.com/build/node_modules/flag-icon-css/flags/1x1/mg.5bdc14fe.svg]
[merchant.mypos.com/build/node_modules/flag-icon-css/flags/4x3/mw.b4d805ef.svg]
[merchant.mypos.com/build/node_modules/flag-icon-css/flags/1x1/mw.6807c4fd.svg]
[merchant.mypos.com/build/node_modules/flag-icon-css/flags/4x3/my.0d298a9e.svg]
[merchant.mypos.com/build/node_modules/flag-icon-css/flags/1x1/my.848fbf91.svg]
[merchant.mypos.com/build/node_modules/flag-icon-css/flags/4x3/mv.0329f53c.svg]
[merchant.mypos.com/build/node_modules/flag-icon-css/flags/1x1/mv.91b2c27c.svg]
[merchant.mypos.com/build/node_modules/flag-icon-css/flags/4x3/ml.18083e46.svg]
[merchant.mypos.com/build/node_modules/flag-icon-css/flags/1x1/ml.d11c3063.svg]
[merchant.mypos.com/build/node_modules/flag-icon-css/flags/4x3/mt.c91049a1.svg]
[merchant.mypos.com/build/node_modules/flag-icon-css/flags/1x1/mt.0c23ea35.svg]
[merchant.mypos.com/build/node_modules/flag-icon-css/flags/4x3/mh.c0b2e372.svg]
[merchant.mypos.com/build/node_modules/flag-icon-css/flags/1x1/mh.7ec670b4.svg]
[merchant.mypos.com/build/node_modules/flag-icon-css/flags/4x3/mq.e82d6df9.svg]
[merchant.mypos.com/build/node_modules/flag-icon-css/flags/1x1/mq.09c19f65.svg]
[merchant.mypos.com/build/node_modules/flag-icon-css/flags/4x3/mr.3642790a.svg]
[merchant.mypos.com/build/node_modules/flag-icon-css/flags/1x1/mr.7211bfd4.svg]
[merchant.mypos.com/build/node_modules/flag-icon-css/flags/4x3/mu.97beced4.svg]
[merchant.mypos.com/build/node_modules/flag-icon-css/flags/1x1/mu.d7d71f03.svg]
[merchant.mypos.com/build/node_modules/flag-icon-css/flags/4x3/yt.5c77b047.svg]
[merchant.mypos.com/build/node_modules/flag-icon-css/flags/1x1/yt.bf9663ae.svg]
[merchant.mypos.com/build/node_modules/flag-icon-css/flags/4x3/mx.bc63d25b.svg]
[merchant.mypos.com/build/node_modules/flag-icon-css/flags/1x1/mx.05c8d697.svg]
[merchant.mypos.com/build/node_modules/flag-icon-css/flags/4x3/fm.3bfd96ee.svg]
[merchant.mypos.com/build/node_modules/flag-icon-css/flags/1x1/fm.1579e5b6.svg]
[merchant.mypos.com/build/node_modules/flag-icon-css/flags/4x3/md.4d08e48e.svg]
[merchant.mypos.com/build/node_modules/flag-icon-css/flags/1x1/md.efdfab01.svg]
[merchant.mypos.com/build/node_modules/flag-icon-css/flags/4x3/mc.a2634c60.svg]
[merchant.mypos.com/build/node_modules/flag-icon-css/flags/1x1/mc.082fc155.svg]
[merchant.mypos.com/build/node_modules/flag-icon-css/flags/4x3/mn.5e4557f7.svg]
[merchant.mypos.com/build/node_modules/flag-icon-css/flags/1x1/mn.291814d6.svg]
[merchant.mypos.com/build/node_modules/flag-icon-css/flags/4x3/me.0b785614.svg]
[merchant.mypos.com/build/node_modules/flag-icon-css/flags/1x1/me.4c8b84af.svg]
[merchant.mypos.com/build/node_modules/flag-icon-css/flags/4x3/ms.9474f8cf.svg]
[merchant.mypos.com/build/node_modules/flag-icon-css/flags/1x1/ms.8f7c2042.svg]
[merchant.mypos.com/build/node_modules/flag-icon-css/flags/4x3/ma.363a4f79.svg]
[merchant.mypos.com/build/node_modules/flag-icon-css/flags/1x1/ma.3b79aff1.svg]
[merchant.mypos.com/build/node_modules/flag-icon-css/flags/4x3/mz.dac5f7ee.svg]
[merchant.mypos.com/build/node_modules/flag-icon-css/flags/1x1/mz.dcf8977e.svg]
[merchant.mypos.com/build/node_modules/flag-icon-css/flags/4x3/mm.6f93c6d0.svg]
[merchant.mypos.com/build/node_modules/flag-icon-css/flags/1x1/mm.7068544f.svg]
[merchant.mypos.com/build/node_modules/flag-icon-css/flags/4x3/na.e241f816.svg]
[merchant.mypos.com/build/node_modules/flag-icon-css/flags/1x1/na.27bc2313.svg]
[merchant.mypos.com/build/node_modules/flag-icon-css/flags/4x3/nr.dcf2ea3a.svg]
[merchant.mypos.com/build/node_modules/flag-icon-css/flags/1x1/nr.1f7cfffb.svg]
[merchant.mypos.com/build/node_modules/flag-icon-css/flags/4x3/np.ecc31e52.svg]
[merchant.mypos.com/build/node_modules/flag-icon-css/flags/1x1/np.f7885aa6.svg]
[merchant.mypos.com/build/node_modules/flag-icon-css/flags/4x3/nl.21eb77dc.svg]
[merchant.mypos.com/build/node_modules/flag-icon-css/flags/1x1/nl.f9d570ec.svg]
[merchant.mypos.com/build/node_modules/flag-icon-css/flags/4x3/nc.5681de45.svg]
[merchant.mypos.com/build/node_modules/flag-icon-css/flags/1x1/nc.046cebb8.svg]
[merchant.mypos.com/build/node_modules/flag-icon-css/flags/4x3/nz.4dedf09b.svg]
[merchant.mypos.com/build/node_modules/flag-icon-css/flags/1x1/nz.37be84f4.svg]
[merchant.mypos.com/build/node_modules/flag-icon-css/flags/4x3/ni.d30c0377.svg]
[merchant.mypos.com/build/node_modules/flag-icon-css/flags/1x1/ni.52cfeebf.svg]
[merchant.mypos.com/build/node_modules/flag-icon-css/flags/4x3/ne.6fd3ccde.svg]
[merchant.mypos.com/build/node_modules/flag-icon-css/flags/1x1/ne.64f5ff14.svg]
[merchant.mypos.com/build/node_modules/flag-icon-css/flags/4x3/ng.b69ed1e5.svg]
[merchant.mypos.com/build/node_modules/flag-icon-css/flags/1x1/ng.caaf4120.svg]
[merchant.mypos.com/build/node_modules/flag-icon-css/flags/4x3/nu.770e6779.svg]
[merchant.mypos.com/build/node_modules/flag-icon-css/flags/1x1/nu.9deebec5.svg]
[merchant.mypos.com/build/node_modules/flag-icon-css/flags/4x3/nf.7a4f3d1b.svg]
[merchant.mypos.com/build/node_modules/flag-icon-css/flags/1x1/nf.7c3216dc.svg]
[merchant.mypos.com/build/node_modules/flag-icon-css/flags/4x3/mp.394b0c91.svg]
[merchant.mypos.com/build/node_modules/flag-icon-css/flags/1x1/mp.b0a5ed44.svg]
[merchant.mypos.com/build/node_modules/flag-icon-css/flags/4x3/no.6df96bb2.svg]
[merchant.mypos.com/build/node_modules/flag-icon-css/flags/1x1/no.266dbd6f.svg]
[merchant.mypos.com/build/node_modules/flag-icon-css/flags/4x3/om.716feea5.svg]
[merchant.mypos.com/build/node_modules/flag-icon-css/flags/1x1/om.09e65f88.svg]
[merchant.mypos.com/build/node_modules/flag-icon-css/flags/4x3/pk.8f9276eb.svg]
[merchant.mypos.com/build/node_modules/flag-icon-css/flags/1x1/pk.0e17f31b.svg]
[merchant.mypos.com/build/node_modules/flag-icon-css/flags/4x3/pw.5f3d8d8e.svg]
[merchant.mypos.com/build/node_modules/flag-icon-css/flags/1x1/pw.666cd05f.svg]
[merchant.mypos.com/build/node_modules/flag-icon-css/flags/4x3/ps.77489c5e.svg]
[merchant.mypos.com/build/node_modules/flag-icon-css/flags/1x1/ps.451101ef.svg]
[merchant.mypos.com/build/node_modules/flag-icon-css/flags/4x3/pa.8788ab50.svg]
[merchant.mypos.com/build/node_modules/flag-icon-css/flags/1x1/pa.69b3b905.svg]
[merchant.mypos.com/build/node_modules/flag-icon-css/flags/4x3/pg.dcb8c4ab.svg]
[merchant.mypos.com/build/node_modules/flag-icon-css/flags/1x1/pg.9ebf0bb3.svg]
[merchant.mypos.com/build/node_modules/flag-icon-css/flags/4x3/py.51b0bef3.svg]
[merchant.mypos.com/build/node_modules/flag-icon-css/flags/1x1/py.b19bb0ae.svg]
[merchant.mypos.com/build/node_modules/flag-icon-css/flags/4x3/pe.9e2ec84a.svg]
[merchant.mypos.com/build/node_modules/flag-icon-css/flags/1x1/pe.83c26459.svg]
[merchant.mypos.com/build/node_modules/flag-icon-css/flags/4x3/ph.596b9b66.svg]
[merchant.mypos.com/build/node_modules/flag-icon-css/flags/1x1/ph.374bb0d6.svg]
[merchant.mypos.com/build/node_modules/flag-icon-css/flags/4x3/pn.0911edda.svg]
[merchant.mypos.com/build/node_modules/flag-icon-css/flags/1x1/pn.ab7259a9.svg]
[merchant.mypos.com/build/node_modules/flag-icon-css/flags/4x3/pl.7ea4b5b2.svg]
[merchant.mypos.com/build/node_modules/flag-icon-css/flags/1x1/pl.9400273d.svg]
[merchant.mypos.com/build/node_modules/flag-icon-css/flags/4x3/pt.b89a5b80.svg]
[merchant.mypos.com/build/node_modules/flag-icon-css/flags/1x1/pt.5697f297.svg]
[merchant.mypos.com/build/node_modules/flag-icon-css/flags/4x3/pr.7845ecd7.svg]
[merchant.mypos.com/build/node_modules/flag-icon-css/flags/1x1/pr.836bcb81.svg]
[merchant.mypos.com/build/node_modules/flag-icon-css/flags/4x3/qa.90240e60.svg]
[merchant.mypos.com/build/node_modules/flag-icon-css/flags/1x1/qa.c08921ec.svg]
[merchant.mypos.com/build/node_modules/flag-icon-css/flags/4x3/ro.ea966c3d.svg]
[merchant.mypos.com/build/node_modules/flag-icon-css/flags/1x1/ro.51182fc9.svg]
[merchant.mypos.com/build/node_modules/flag-icon-css/flags/4x3/ru.f1c2ba49.svg]
[merchant.mypos.com/build/node_modules/flag-icon-css/flags/1x1/ru.f7600362.svg]
[merchant.mypos.com/build/node_modules/flag-icon-css/flags/4x3/rw.26854553.svg]
[merchant.mypos.com/build/node_modules/flag-icon-css/flags/1x1/rw.02a8a07e.svg]
[merchant.mypos.com/build/node_modules/flag-icon-css/flags/4x3/re.f05b5f16.svg]
[merchant.mypos.com/build/node_modules/flag-icon-css/flags/1x1/re.7e8577e9.svg]
[merchant.mypos.com/build/node_modules/flag-icon-css/flags/4x3/bl.6a6bc7f1.svg]
[merchant.mypos.com/build/node_modules/flag-icon-css/flags/1x1/bl.669bbb82.svg]
[merchant.mypos.com/build/node_modules/flag-icon-css/flags/4x3/sh.c5ab8c6e.svg]
[merchant.mypos.com/build/node_modules/flag-icon-css/flags/1x1/sh.acd7b6ef.svg]
[merchant.mypos.com/build/node_modules/flag-icon-css/flags/4x3/kn.a4e974e8.svg]
[merchant.mypos.com/build/node_modules/flag-icon-css/flags/1x1/kn.091a5508.svg]
[merchant.mypos.com/build/node_modules/flag-icon-css/flags/4x3/lc.c6488de9.svg]
[merchant.mypos.com/build/node_modules/flag-icon-css/flags/1x1/lc.0d361ba5.svg]
[merchant.mypos.com/build/node_modules/flag-icon-css/flags/4x3/mf.2d96a80b.svg]
[merchant.mypos.com/build/node_modules/flag-icon-css/flags/1x1/mf.c02a78fb.svg]
[merchant.mypos.com/build/node_modules/flag-icon-css/flags/4x3/pm.c5a64f87.svg]
[merchant.mypos.com/build/node_modules/flag-icon-css/flags/1x1/pm.7582c30f.svg]
[merchant.mypos.com/build/node_modules/flag-icon-css/flags/4x3/vc.e1903424.svg]
[merchant.mypos.com/build/node_modules/flag-icon-css/flags/1x1/vc.26140175.svg]
[merchant.mypos.com/build/node_modules/flag-icon-css/flags/4x3/ws.a6817aa9.svg]
[merchant.mypos.com/build/node_modules/flag-icon-css/flags/1x1/ws.81cbff3d.svg]
[merchant.mypos.com/build/node_modules/flag-icon-css/flags/4x3/sm.7e23c952.svg]
[merchant.mypos.com/build/node_modules/flag-icon-css/flags/1x1/sm.b57f6605.svg]
[merchant.mypos.com/build/node_modules/flag-icon-css/flags/4x3/st.72697a87.svg]
[merchant.mypos.com/build/node_modules/flag-icon-css/flags/1x1/st.342a4d3c.svg]
[merchant.mypos.com/build/node_modules/flag-icon-css/flags/4x3/sa.b9a34657.svg]
[merchant.mypos.com/build/node_modules/flag-icon-css/flags/1x1/sa.dbdc272c.svg]
[merchant.mypos.com/build/node_modules/flag-icon-css/flags/4x3/sn.1ce79520.svg]
[merchant.mypos.com/build/node_modules/flag-icon-css/flags/1x1/sn.a03bc309.svg]
[merchant.mypos.com/build/node_modules/flag-icon-css/flags/4x3/rs.51e6180c.svg]
[merchant.mypos.com/build/node_modules/flag-icon-css/flags/1x1/rs.3b67d7be.svg]
[merchant.mypos.com/build/node_modules/flag-icon-css/flags/4x3/sc.9ba01346.svg]
[merchant.mypos.com/build/node_modules/flag-icon-css/flags/1x1/sc.8357ba15.svg]
[merchant.mypos.com/build/node_modules/flag-icon-css/flags/4x3/sl.4fd17d63.svg]
[merchant.mypos.com/build/node_modules/flag-icon-css/flags/1x1/sl.f1772cd4.svg]
[merchant.mypos.com/build/node_modules/flag-icon-css/flags/4x3/sg.e6a27ad3.svg]
[merchant.mypos.com/build/node_modules/flag-icon-css/flags/1x1/sg.9751741f.svg]
[merchant.mypos.com/build/node_modules/flag-icon-css/flags/4x3/sx.aafb13f6.svg]
[merchant.mypos.com/build/node_modules/flag-icon-css/flags/1x1/sx.ce647f25.svg]
[merchant.mypos.com/build/node_modules/flag-icon-css/flags/4x3/sk.be58e557.svg]
[merchant.mypos.com/build/node_modules/flag-icon-css/flags/1x1/sk.56398576.svg]
[merchant.mypos.com/build/node_modules/flag-icon-css/flags/4x3/si.7f576d87.svg]
[merchant.mypos.com/build/node_modules/flag-icon-css/flags/1x1/si.d38938fc.svg]
[merchant.mypos.com/build/node_modules/flag-icon-css/flags/4x3/sb.2c405bb6.svg]
[merchant.mypos.com/build/node_modules/flag-icon-css/flags/1x1/sb.00988e02.svg]
[merchant.mypos.com/build/node_modules/flag-icon-css/flags/4x3/so.d1a7d3e1.svg]
[merchant.mypos.com/build/node_modules/flag-icon-css/flags/1x1/so.34b037a7.svg]
[merchant.mypos.com/build/node_modules/flag-icon-css/flags/4x3/za.83099da2.svg]
[merchant.mypos.com/build/node_modules/flag-icon-css/flags/1x1/za.3c71a2a2.svg]
[merchant.mypos.com/build/node_modules/flag-icon-css/flags/4x3/gs.c19adcdd.svg]
[merchant.mypos.com/build/node_modules/flag-icon-css/flags/1x1/gs.a96857cd.svg]
[merchant.mypos.com/build/node_modules/flag-icon-css/flags/4x3/ss.e4bf9bb4.svg]
[merchant.mypos.com/build/node_modules/flag-icon-css/flags/1x1/ss.2ad5a2bb.svg]
[merchant.mypos.com/build/node_modules/flag-icon-css/flags/4x3/es.1a25a96e.svg]
[merchant.mypos.com/build/node_modules/flag-icon-css/flags/1x1/es.b3825b28.svg]
[merchant.mypos.com/build/node_modules/flag-icon-css/flags/4x3/lk.593078c9.svg]
[merchant.mypos.com/build/node_modules/flag-icon-css/flags/1x1/lk.93412c6f.svg]
[merchant.mypos.com/build/node_modules/flag-icon-css/flags/4x3/sd.090d0e10.svg]
[merchant.mypos.com/build/node_modules/flag-icon-css/flags/1x1/sd.cb3da007.svg]
[merchant.mypos.com/build/node_modules/flag-icon-css/flags/4x3/sr.69050490.svg]
[merchant.mypos.com/build/node_modules/flag-icon-css/flags/1x1/sr.4ee19081.svg]
[merchant.mypos.com/build/node_modules/flag-icon-css/flags/4x3/sj.4952c9a6.svg]
[merchant.mypos.com/build/node_modules/flag-icon-css/flags/1x1/sj.bf11a759.svg]
[merchant.mypos.com/build/node_modules/flag-icon-css/flags/4x3/sz.d62f5eab.svg]
[merchant.mypos.com/build/node_modules/flag-icon-css/flags/1x1/sz.5d494168.svg]
[merchant.mypos.com/build/node_modules/flag-icon-css/flags/4x3/se.22333e71.svg]
[merchant.mypos.com/build/node_modules/flag-icon-css/flags/1x1/se.4984ae47.svg]
[merchant.mypos.com/build/node_modules/flag-icon-css/flags/4x3/ch.7a52ef5e.svg]
[merchant.mypos.com/build/node_modules/flag-icon-css/flags/1x1/ch.1113c7e9.svg]
[merchant.mypos.com/build/node_modules/flag-icon-css/flags/4x3/sy.6529aa17.svg]
[merchant.mypos.com/build/node_modules/flag-icon-css/flags/1x1/sy.9d13beb5.svg]
[merchant.mypos.com/build/node_modules/flag-icon-css/flags/4x3/tw.83324ef7.svg]
[merchant.mypos.com/build/node_modules/flag-icon-css/flags/1x1/tw.a72a85cb.svg]
[merchant.mypos.com/build/node_modules/flag-icon-css/flags/4x3/tj.b32f7c01.svg]
[merchant.mypos.com/build/node_modules/flag-icon-css/flags/1x1/tj.e97716ca.svg]
[merchant.mypos.com/build/node_modules/flag-icon-css/flags/4x3/tz.2218434d.svg]
[merchant.mypos.com/build/node_modules/flag-icon-css/flags/1x1/tz.20af2614.svg]
[merchant.mypos.com/build/node_modules/flag-icon-css/flags/4x3/th.b6ade2be.svg]
[merchant.mypos.com/build/node_modules/flag-icon-css/flags/1x1/th.2ca3db46.svg]
[merchant.mypos.com/build/node_modules/flag-icon-css/flags/4x3/tl.503b7926.svg]
[merchant.mypos.com/build/node_modules/flag-icon-css/flags/1x1/tl.c7a146dc.svg]
[merchant.mypos.com/build/node_modules/flag-icon-css/flags/4x3/tg.f97c4ebe.svg]
[merchant.mypos.com/build/node_modules/flag-icon-css/flags/1x1/tg.4abbb528.svg]
[merchant.mypos.com/build/node_modules/flag-icon-css/flags/4x3/tk.54b9e3f9.svg]
[merchant.mypos.com/build/node_modules/flag-icon-css/flags/1x1/tk.e3d850fb.svg]
[merchant.mypos.com/build/node_modules/flag-icon-css/flags/4x3/to.65dda6ec.svg]
[merchant.mypos.com/build/node_modules/flag-icon-css/flags/1x1/to.aaa24511.svg]
[merchant.mypos.com/build/node_modules/flag-icon-css/flags/4x3/tt.b9a6939e.svg]
[merchant.mypos.com/build/node_modules/flag-icon-css/flags/1x1/tt.4252a958.svg]
[merchant.mypos.com/build/node_modules/flag-icon-css/flags/4x3/tn.6cd8c9a4.svg]
[merchant.mypos.com/build/node_modules/flag-icon-css/flags/1x1/tn.8b09464a.svg]
[merchant.mypos.com/build/node_modules/flag-icon-css/flags/4x3/tr.2880fc8e.svg]
[merchant.mypos.com/build/node_modules/flag-icon-css/flags/1x1/tr.c3d773f3.svg]
[merchant.mypos.com/build/node_modules/flag-icon-css/flags/4x3/tm.6de6696b.svg]
[merchant.mypos.com/build/node_modules/flag-icon-css/flags/1x1/tm.44298648.svg]
[merchant.mypos.com/build/node_modules/flag-icon-css/flags/4x3/tc.f4f86583.svg]
[merchant.mypos.com/build/node_modules/flag-icon-css/flags/1x1/tc.0d16f864.svg]
[merchant.mypos.com/build/node_modules/flag-icon-css/flags/4x3/tv.99618ffc.svg]
[merchant.mypos.com/build/node_modules/flag-icon-css/flags/1x1/tv.c87adc62.svg]
[merchant.mypos.com/build/node_modules/flag-icon-css/flags/4x3/ug.83f4207b.svg]
[merchant.mypos.com/build/node_modules/flag-icon-css/flags/1x1/ug.983dd591.svg]
[merchant.mypos.com/build/node_modules/flag-icon-css/flags/4x3/ua.67a46bf7.svg]
[merchant.mypos.com/build/node_modules/flag-icon-css/flags/1x1/ua.2dd397cb.svg]
[merchant.mypos.com/build/node_modules/flag-icon-css/flags/4x3/ae.2c530f64.svg]
[merchant.mypos.com/build/node_modules/flag-icon-css/flags/1x1/ae.23c17470.svg]
[merchant.mypos.com/build/node_modules/flag-icon-css/flags/4x3/gb.ba1c7f5d.svg]
[merchant.mypos.com/build/node_modules/flag-icon-css/flags/1x1/gb.35dbacd7.svg]
[merchant.mypos.com/build/node_modules/flag-icon-css/flags/4x3/us.3cc0d38b.svg]
[merchant.mypos.com/build/node_modules/flag-icon-css/flags/1x1/us.c95087e1.svg]
[merchant.mypos.com/build/node_modules/flag-icon-css/flags/4x3/um.0f5d59d4.svg]
[merchant.mypos.com/build/node_modules/flag-icon-css/flags/1x1/um.c3e06b4d.svg]
[merchant.mypos.com/build/node_modules/flag-icon-css/flags/4x3/uy.4c3f85c5.svg]
[merchant.mypos.com/build/node_modules/flag-icon-css/flags/1x1/uy.091841c8.svg]
[merchant.mypos.com/build/node_modules/flag-icon-css/flags/4x3/uz.6e16292a.svg]
[merchant.mypos.com/build/node_modules/flag-icon-css/flags/1x1/uz.ba79d297.svg]
[merchant.mypos.com/build/node_modules/flag-icon-css/flags/4x3/vu.25acc797.svg]
[merchant.mypos.com/build/node_modules/flag-icon-css/flags/1x1/vu.87d69c18.svg]
[merchant.mypos.com/build/node_modules/flag-icon-css/flags/4x3/ve.b8bb0477.svg]
[merchant.mypos.com/build/node_modules/flag-icon-css/flags/1x1/ve.125ee924.svg]
[merchant.mypos.com/build/node_modules/flag-icon-css/flags/4x3/vn.2301f6f4.svg]
[merchant.mypos.com/build/node_modules/flag-icon-css/flags/1x1/vn.25540177.svg]
[merchant.mypos.com/build/node_modules/flag-icon-css/flags/4x3/vg.7bc5c832.svg]
[merchant.mypos.com/build/node_modules/flag-icon-css/flags/1x1/vg.76c17dc3.svg]
[merchant.mypos.com/build/node_modules/flag-icon-css/flags/4x3/vi.bad0002a.svg]
[merchant.mypos.com/build/node_modules/flag-icon-css/flags/1x1/vi.1ae3b627.svg]
[merchant.mypos.com/build/node_modules/flag-icon-css/flags/4x3/wf.e9a373c6.svg]
[merchant.mypos.com/build/node_modules/flag-icon-css/flags/1x1/wf.55c63880.svg]
[merchant.mypos.com/build/node_modules/flag-icon-css/flags/4x3/eh.8c8b2743.svg]
[merchant.mypos.com/build/node_modules/flag-icon-css/flags/1x1/eh.905fdd08.svg]
[merchant.mypos.com/build/node_modules/flag-icon-css/flags/4x3/ye.f62afcdd.svg]
[merchant.mypos.com/build/node_modules/flag-icon-css/flags/1x1/ye.2289a38e.svg]
[merchant.mypos.com/build/node_modules/flag-icon-css/flags/4x3/zm.79a41234.svg]
[merchant.mypos.com/build/node_modules/flag-icon-css/flags/1x1/zm.a303f51a.svg]
[merchant.mypos.com/build/node_modules/flag-icon-css/flags/4x3/zw.f5ceeff7.svg]
[merchant.mypos.com/build/node_modules/flag-icon-css/flags/1x1/zw.2840e62a.svg]
[merchant.mypos.com/build/node_modules/flag-icon-css/flags/4x3/ax.6651bb25.svg]
[merchant.mypos.com/build/node_modules/flag-icon-css/flags/1x1/ax.c260e9a5.svg]
[merchant.mypos.com/build/node_modules/flag-icon-css/flags/4x3/aq.e3fbc5d0.svg]
[merchant.mypos.com/build/node_modules/flag-icon-css/flags/1x1/aq.e6c275d0.svg]
[merchant.mypos.com/build/assets/common/fonts/Lora.6bf32174.eot]
[merchant.mypos.com/build/assets/common/fonts/Lora.6bf32174d41d.eot]
[merchant.mypos.com/build/assets/common/fonts/Lora.697c043e.woff]
[merchant.mypos.com/build/assets/common/fonts/Lora.ef15c7ea.ttf]
[merchant.mypos.com/build/assets/common/fonts/Lora.f500fc6f.svg]
[merchant.mypos.com/build/assets/common/fonts/OpenSans.6c0fabe7.eot]
[merchant.mypos.com/build/assets/common/fonts/OpenSans.6c0fabe7d41d.eot]
[merchant.mypos.com/build/assets/common/fonts/OpenSans.7dafb1a4.woff]
[merchant.mypos.com/build/assets/common/fonts/OpenSans.17e98b9e.ttf]
[merchant.mypos.com/build/assets/common/fonts/OpenSans.e2667180.svg]
[merchant.mypos.com/build/assets/common/fonts/Cookie.e54d2d54.eot]
[merchant.mypos.com/build/assets/common/fonts/Cookie.e54d2d54d41d.eot]
[merchant.mypos.com/build/assets/common/fonts/Cookie.1228e137.woff]
[merchant.mypos.com/build/assets/common/fonts/Cookie.f7a638e0.ttf]
[merchant.mypos.com/build/assets/common/fonts/Cookie.3d2c1945.svg]
[merchant.mypos.com/build/assets/common/fonts/Caveat.94504ea3.eot]
[merchant.mypos.com/build/assets/common/fonts/Caveat.94504ea3d41d.eot]
[merchant.mypos.com/build/assets/common/fonts/Caveat.d352a978.woff]
[merchant.mypos.com/build/assets/common/fonts/Caveat.88c86b7f.ttf]
[merchant.mypos.com/build/assets/common/fonts/Caveat.078f2233.svg]
[merchant.mypos.com/build/assets/common/fonts/Montserrat-Light.d6d1b8e3.eot]
[merchant.mypos.com/build/assets/common/fonts/Montserrat-Light.d6d1b8e3d41d.eot]
[merchant.mypos.com/build/assets/common/fonts/Montserrat-Light.80beb4cb.woff]
[merchant.mypos.com/build/assets/common/fonts/Montserrat-Light.73b7fd8d.ttf]
[merchant.mypos.com/build/assets/common/fonts/Montserrat-Light.4dbbb19c.svg]
[merchant.mypos.com/build/assets/account/images/receipt-preview-body-bottom.51096eff.png]
[merchant.mypos.com/build/assets/account/images/receipt-preview-foot-top.a74c0d23.png]
[merchant.mypos.com/build/assets/account/images/custom-input-range-arrows.98d92e95.png]
[merchant.mypos.com/build/assets/account/images/referal-modal-bg.5b1f60c0.jpg]
[merchant.mypos.com/build/assets/account/images/devices-bottom-shadow.83a9cc18.png]
[merchant.mypos.com/build/assets/account/images/moto_new_transaction_aside_image_bg.ccb180a5.png]
[merchant.mypos.com/build/assets/account/images/add_outlet_blue_gradiet_image.76406c43.png]
[merchant.mypos.com/build/assets/account/images/add_viber_outlet_blue_gradiet_image.947896a0.png]
[merchant.mypos.com/build/assets/account/images/online_store_add.3ba8ead0.jpg]
[merchant.mypos.com/build/assets/account/images/make_bisera_payment_aside_image.70951ba8.jpg]
[merchant.mypos.com/build/assets/account/images/make_payment_step_1_aside_image.51854cf0.jpg]
[merchant.mypos.com/build/assets/account/images/make_faster_payments_payment_aside_image.0134d793.jpg]
[merchant.mypos.com/build/assets/account/images/make_hrk_payment_aside_image.2dfeb912.jpg]
[merchant.mypos.com/build/assets/account/images/make_internal_transfer_payment_aside_image.4cceb908.jpg]
[merchant.mypos.com/build/assets/account/images/make_sepa_payment_aside_image.15708315.jpg]
[merchant.mypos.com/build/assets/account/images/make_swift_payment_aside_image.00b1786f.jpg]
[merchant.mypos.com/build/assets/account/images/text_auth_blue_gradiet_image.3a77e57c.jpg]
[merchant.mypos.com/build/assets/account/images/make_payment_request_aside_image.4fa7170b.jpg]
[merchant.mypos.com/build/assets/account/images/add_new_customer_aside_image.a5be4d60.jpg]
[merchant.mypos.com/build/assets/account/images/key_generate_aside_image.e20fac28.jpg]
[merchant.mypos.com/build/assets/account/images/balance_transfer_aside_image.9f0dd95b.jpg]
[merchant.mypos.com/build/assets/account/images/add_new_invoice_aside_image.6808a0dd.jpg]
[merchant.mypos.com/build/assets/account/images/push_otp_video_preview_image.891224cc.jpg]
[merchant.mypos.com/build/assets/account/images/paybuttonlink_aside_image.2f7f8413.jpg]
[merchant.mypos.com/build/assets/account/images/login-aside-bg-overlay.1b9e19ba.jpg]
[merchant.mypos.com/build/assets/account/images/login-aside-bg-overlay-blue.28b66346.jpg]
[merchant.mypos.com/build/assets/account/images/exchange-rates-table-alt-bg-icon.5531309c.png]
[merchant.mypos.com/build/assets/account/images/cards/card_frozen_h.11e0a2fd.png]
[merchant.mypos.com/build/assets/account/images/cards/card_frozen_v.35c65649.png]
[merchant.mypos.com/build/assets/account/images/box-referral-bg-image.8bd1d43b.jpg]
[merchant.mypos.com/build/assets/account/images/activate-glass-pulse.0c1ee766.png]
[merchant.mypos.com/build/assets/account/images/glass-ad-page-bg.12795ef7.png]
[merchant.mypos.com/build/assets/account/images/online-catalogue-no-banner-bg.d0b52863.png]
[merchant.mypos.com/build/assets/account/images/online-catalogue-dummy-banner-bg.ebfed56f.png]
[merchant.mypos.com/build/assets/account/images/online-catalogue-ad-bg.7762deef.png]
[merchant.mypos.com/build/assets/account/images/online-catalogue-ad-bg-light.f2ccc024.png]
[merchant.mypos.com/build/assets/account/images/online-catalogue-unlimited-plan-shadow.7e72cf60.png]
[merchant.mypos.com/build/assets/account/images/banners/activate-device-header-banner.e19d889c.jpg]
[merchant.mypos.com/build/assets/enroll2/images/catalogue/box-inner-triangled-finish.77eaeb99.png]
[merchant.mypos.com/build/assets/account/images/table_no_elements_placeholder.6ad26292.jpg]
[merchant.mypos.com/build/assets/account/images/white-gooey-effect.6b5b925f.png]
[merchant.mypos.com/build/assets/account/images/banners/card-order-ad-page.b2d10114.png]
[merchant.mypos.com/build/assets/account/images/banners/device-order-ad-page.cf045dab.jpg]
[merchant.mypos.com/build/assets/account/images/banners/device-order-ad-page-blue.7e9ad42b.jpg]
[merchant.mypos.com/build/assets/account/images/moto_info_banner_bg.f0737158.png]
[merchant.mypos.com/build/assets/account/images/topup_info_banner_bg.69edef35.png]
[merchant.mypos.com/build/assets/account/images/banners/referral-ad-page.ca548703.jpg]
[merchant.mypos.com/build/assets/account/images/paym_req_info_banner_bg.6397d27f.png]
[merchant.mypos.com/build/assets/account/images/checkout_info_banner_bg.8acc4899.png]
[merchant.mypos.com/build/assets/account/images/checkout_mobile_info_banner_bg.5f76bdff.png]
[merchant.mypos.com/build/assets/account/images/paylinks_info_banner_bg.343993be.png]
[merchant.mypos.com/build/assets/account/images/paybuttons_info_banner_bg.ec3527ad.png]
[merchant.mypos.com/build/assets/account/images/sales_info_banner_bg.b6c6dc33.png]
[merchant.mypos.com/build/assets/account/images/physical_location_info_banner_bg.39b665d1.png]
[merchant.mypos.com/build/assets/account/images/vibemarket_campaign/viber-market-bg.e7cb56b1.png]
[merchant.mypos.com/build/22441.e4134377.css]
[merchant.mypos.com/build/assets/account/images/wizard-arrow.7221504f.png]
[www.googletagmanager.com/gtm5445.html]
[merchant.mypos.com/it/forgotten-password/index.html]
[merchant.mypos.com/it/forgotten-password.html]
[merchant.mypos.com/build/enroll2/styles/enroll.ae95c181.css]
[dev.visualwebsiteoptimizer.com/ee5ba7.gif]
[merchant.mypos.com/it/login/session-expired.html]
[merchant.mypos.com/it/captcha/get-code.png]
[merchant.mypos.com/info2/js/libs/jquery-3.5.1.min.js]
[static.zdassets.com/ekr/snippet76e8.js]
[merchant.mypos.com/build/91762.9b75a2cf.js]
[merchant.mypos.com/build/90053.e76781bb.js]
[merchant.mypos.com/build/21320.4b6de7fc.js]
[merchant.mypos.com/build/39879.c75193ac.js]
[merchant.mypos.com/build/57950.885d9ae7.js]
[merchant.mypos.com/build/71946.fb5adadb.js]
[merchant.mypos.com/build/96721.8227e02b.js]
[merchant.mypos.com/build/22069.5ab5a0f8.js]
[merchant.mypos.com/build/64894.f6596517.js]
[merchant.mypos.com/build/19437.283e759c.js]
[merchant.mypos.com/it/onboarding.html]
[merchant.mypos.com/build/node_modules/slick-carousel/slick/fonts/slick.2630a3e3.svg]
[merchant.mypos.com/build/node_modules/owl.carousel/dist/assets/owl.video.play.7f01b071.png]
[merchant.mypos.com/build/assets/account/fonts/font_icons/font_icons.087a151b.svg]
[merchant.mypos.com/build/node_modules/flag-icon-css/flags/4x3/eu.db2e50ad.svg]
[merchant.mypos.com/build/node_modules/flag-icon-css/flags/1x1/eu.1019087b.svg]
[merchant.mypos.com/build/node_modules/flag-icon-css/flags/4x3/af.458ab7e0.svg]
[merchant.mypos.com/build/node_modules/flag-icon-css/flags/1x1/af.867627c5.svg]
[merchant.mypos.com/build/node_modules/flag-icon-css/flags/4x3/al.3dd8853b.svg]
[merchant.mypos.com/build/node_modules/flag-icon-css/flags/1x1/al.090568ab.svg]
[merchant.mypos.com/build/node_modules/flag-icon-css/flags/4x3/dz.945a413c.svg]
[merchant.mypos.com/build/node_modules/flag-icon-css/flags/1x1/dz.2be2fee6.svg]
[merchant.mypos.com/build/node_modules/flag-icon-css/flags/4x3/as.3b86b687.svg]
[merchant.mypos.com/build/node_modules/flag-icon-css/flags/1x1/as.7ae00cb9.svg]
[merchant.mypos.com/build/node_modules/flag-icon-css/flags/4x3/ad.45026b92.svg]
[merchant.mypos.com/build/node_modules/flag-icon-css/flags/1x1/ad.94e81025.svg]
[merchant.mypos.com/build/node_modules/flag-icon-css/flags/4x3/ao.ad6f3c8c.svg]
[merchant.mypos.com/build/node_modules/flag-icon-css/flags/1x1/ao.7ed590a1.svg]
[merchant.mypos.com/build/node_modules/flag-icon-css/flags/4x3/ai.c4699001.svg]
[merchant.mypos.com/build/node_modules/flag-icon-css/flags/1x1/ai.546a12e3.svg]
[merchant.mypos.com/build/node_modules/flag-icon-css/flags/4x3/ag.5929ca9f.svg]
[merchant.mypos.com/build/node_modules/flag-icon-css/flags/1x1/ag.3f18bb58.svg]
[merchant.mypos.com/build/node_modules/flag-icon-css/flags/4x3/ar.2ff091f8.svg]
[merchant.mypos.com/build/node_modules/flag-icon-css/flags/1x1/ar.5a7c09af.svg]
[merchant.mypos.com/build/node_modules/flag-icon-css/flags/4x3/am.e935f821.svg]
[merchant.mypos.com/build/node_modules/flag-icon-css/flags/1x1/am.36fc7db3.svg]
[merchant.mypos.com/build/node_modules/flag-icon-css/flags/4x3/aw.98298192.svg]
[merchant.mypos.com/build/node_modules/flag-icon-css/flags/1x1/aw.b478dded.svg]
[merchant.mypos.com/build/node_modules/flag-icon-css/flags/4x3/au.932d9182.svg]
[merchant.mypos.com/build/node_modules/flag-icon-css/flags/1x1/au.5b98a120.svg]
[merchant.mypos.com/build/node_modules/flag-icon-css/flags/4x3/at.1281f451.svg]
[merchant.mypos.com/build/node_modules/flag-icon-css/flags/1x1/at.d7b3791e.svg]
[merchant.mypos.com/build/node_modules/flag-icon-css/flags/4x3/az.d4faca47.svg]
[merchant.mypos.com/build/node_modules/flag-icon-css/flags/1x1/az.84126238.svg]
[merchant.mypos.com/build/node_modules/flag-icon-css/flags/4x3/bs.5497678a.svg]
[merchant.mypos.com/build/node_modules/flag-icon-css/flags/1x1/bs.a9ddb124.svg]
[merchant.mypos.com/build/node_modules/flag-icon-css/flags/4x3/bh.ec61516d.svg]
[merchant.mypos.com/build/node_modules/flag-icon-css/flags/1x1/bh.0cfc5619.svg]
[merchant.mypos.com/build/node_modules/flag-icon-css/flags/4x3/bd.d16830cb.svg]
[merchant.mypos.com/build/node_modules/flag-icon-css/flags/1x1/bd.a3ae69de.svg]
[merchant.mypos.com/build/node_modules/flag-icon-css/flags/4x3/bb.021629a6.svg]
[merchant.mypos.com/build/node_modules/flag-icon-css/flags/1x1/bb.17738ccf.svg]
[merchant.mypos.com/build/node_modules/flag-icon-css/flags/4x3/by.ed1fb533.svg]
[merchant.mypos.com/build/node_modules/flag-icon-css/flags/1x1/by.da99aaa5.svg]
[merchant.mypos.com/build/node_modules/flag-icon-css/flags/4x3/be.410c4acc.svg]
[merchant.mypos.com/build/node_modules/flag-icon-css/flags/1x1/be.914a3c37.svg]
[merchant.mypos.com/build/node_modules/flag-icon-css/flags/4x3/bz.4eb2d29f.svg]
[merchant.mypos.com/build/node_modules/flag-icon-css/flags/1x1/bz.7826f0d5.svg]
[merchant.mypos.com/build/node_modules/flag-icon-css/flags/4x3/bj.e8591ed7.svg]
[merchant.mypos.com/build/node_modules/flag-icon-css/flags/1x1/bj.fb3d1c01.svg]
[merchant.mypos.com/build/node_modules/flag-icon-css/flags/4x3/bm.e2aa572a.svg]
[merchant.mypos.com/build/node_modules/flag-icon-css/flags/1x1/bm.7dd1b92a.svg]
[merchant.mypos.com/build/node_modules/flag-icon-css/flags/4x3/bt.eed19cbf.svg]
[merchant.mypos.com/build/node_modules/flag-icon-css/flags/1x1/bt.1372873e.svg]
[merchant.mypos.com/build/node_modules/flag-icon-css/flags/4x3/bo.1155c3da.svg]
[merchant.mypos.com/build/node_modules/flag-icon-css/flags/1x1/bo.ee5938f0.svg]
[merchant.mypos.com/build/node_modules/flag-icon-css/flags/4x3/bq.8ff78ac2.svg]
[merchant.mypos.com/build/node_modules/flag-icon-css/flags/1x1/bq.6e5b96f6.svg]
[merchant.mypos.com/build/node_modules/flag-icon-css/flags/4x3/ba.7097f2f8.svg]
[merchant.mypos.com/build/node_modules/flag-icon-css/flags/1x1/ba.d1e732dc.svg]
[merchant.mypos.com/build/node_modules/flag-icon-css/flags/4x3/bw.8a35721e.svg]
[merchant.mypos.com/build/node_modules/flag-icon-css/flags/1x1/bw.0acc600b.svg]
[merchant.mypos.com/build/node_modules/flag-icon-css/flags/4x3/bv.b789f839.svg]
[merchant.mypos.com/build/node_modules/flag-icon-css/flags/1x1/bv.adee14dc.svg]
[merchant.mypos.com/build/node_modules/flag-icon-css/flags/4x3/br.5ec13287.svg]
[merchant.mypos.com/build/node_modules/flag-icon-css/flags/1x1/br.b3663866.svg]
[merchant.mypos.com/build/node_modules/flag-icon-css/flags/4x3/io.e31ca9aa.svg]
[merchant.mypos.com/build/node_modules/flag-icon-css/flags/1x1/io.c32d7f9e.svg]
[merchant.mypos.com/build/node_modules/flag-icon-css/flags/4x3/bn.ad7aafa9.svg]
[merchant.mypos.com/build/node_modules/flag-icon-css/flags/1x1/bn.5fd8c652.svg]
[merchant.mypos.com/build/node_modules/flag-icon-css/flags/4x3/bg.c9c13073.svg]
[merchant.mypos.com/build/node_modules/flag-icon-css/flags/1x1/bg.4f2a9bbb.svg]
[merchant.mypos.com/build/node_modules/flag-icon-css/flags/4x3/bf.4275eb85.svg]
[merchant.mypos.com/build/node_modules/flag-icon-css/flags/1x1/bf.6fc31e16.svg]
[merchant.mypos.com/build/node_modules/flag-icon-css/flags/4x3/bi.3fce551e.svg]
[merchant.mypos.com/build/node_modules/flag-icon-css/flags/1x1/bi.5adb744e.svg]
[merchant.mypos.com/build/node_modules/flag-icon-css/flags/4x3/kh.7b33804c.svg]
[merchant.mypos.com/build/node_modules/flag-icon-css/flags/1x1/kh.695ec7a1.svg]
[merchant.mypos.com/build/node_modules/flag-icon-css/flags/4x3/cm.7578267e.svg]
[merchant.mypos.com/build/node_modules/flag-icon-css/flags/1x1/cm.0dcbc4f1.svg]
[merchant.mypos.com/build/node_modules/flag-icon-css/flags/4x3/ca.d348137a.svg]
[merchant.mypos.com/build/node_modules/flag-icon-css/flags/1x1/ca.102b45b2.svg]
[merchant.mypos.com/build/node_modules/flag-icon-css/flags/4x3/cv.43437330.svg]
[merchant.mypos.com/build/node_modules/flag-icon-css/flags/1x1/cv.1ddd3424.svg]
[merchant.mypos.com/build/node_modules/flag-icon-css/flags/4x3/ky.ef8e1877.svg]
[merchant.mypos.com/build/node_modules/flag-icon-css/flags/1x1/ky.c311ddba.svg]
[merchant.mypos.com/build/node_modules/flag-icon-css/flags/4x3/cf.617adc02.svg]
[merchant.mypos.com/build/node_modules/flag-icon-css/flags/1x1/cf.eb50c5ec.svg]
[merchant.mypos.com/build/node_modules/flag-icon-css/flags/4x3/td.230eddd3.svg]
[merchant.mypos.com/build/node_modules/flag-icon-css/flags/1x1/td.ad4b4469.svg]
[merchant.mypos.com/build/node_modules/flag-icon-css/flags/4x3/cl.b9ff305a.svg]
[merchant.mypos.com/build/node_modules/flag-icon-css/flags/1x1/cl.303f56a6.svg]
[merchant.mypos.com/build/node_modules/flag-icon-css/flags/4x3/cn.7977e12a.svg]
[merchant.mypos.com/build/node_modules/flag-icon-css/flags/1x1/cn.f5a6f048.svg]
[merchant.mypos.com/build/node_modules/flag-icon-css/flags/4x3/cx.b9b5e6cd.svg]
[merchant.mypos.com/build/node_modules/flag-icon-css/flags/1x1/cx.dda4107f.svg]
[merchant.mypos.com/build/node_modules/flag-icon-css/flags/4x3/cc.200233c9.svg]
[merchant.mypos.com/build/node_modules/flag-icon-css/flags/1x1/cc.27d55bfa.svg]
[merchant.mypos.com/build/node_modules/flag-icon-css/flags/4x3/co.59ec93f7.svg]
[merchant.mypos.com/build/node_modules/flag-icon-css/flags/1x1/co.4c87d079.svg]
[merchant.mypos.com/build/node_modules/flag-icon-css/flags/4x3/km.93ef5e21.svg]
[merchant.mypos.com/build/node_modules/flag-icon-css/flags/1x1/km.4c4fa2a7.svg]
[merchant.mypos.com/build/node_modules/flag-icon-css/flags/4x3/cg.440e321a.svg]
[merchant.mypos.com/build/node_modules/flag-icon-css/flags/1x1/cg.862f4608.svg]
[merchant.mypos.com/build/node_modules/flag-icon-css/flags/4x3/cd.e5fd4d12.svg]
[merchant.mypos.com/build/node_modules/flag-icon-css/flags/1x1/cd.d44809aa.svg]
[merchant.mypos.com/build/node_modules/flag-icon-css/flags/4x3/ck.65a80cb3.svg]
[merchant.mypos.com/build/node_modules/flag-icon-css/flags/1x1/ck.d76f3968.svg]
[merchant.mypos.com/build/node_modules/flag-icon-css/flags/4x3/cr.6f2d7bb0.svg]
[merchant.mypos.com/build/node_modules/flag-icon-css/flags/1x1/cr.ebed4600.svg]
[merchant.mypos.com/build/node_modules/flag-icon-css/flags/4x3/hr.00a76e1b.svg]
[merchant.mypos.com/build/node_modules/flag-icon-css/flags/1x1/hr.f3f2e25c.svg]
[merchant.mypos.com/build/node_modules/flag-icon-css/flags/4x3/cu.ff35f996.svg]
[merchant.mypos.com/build/node_modules/flag-icon-css/flags/1x1/cu.1452c504.svg]
[merchant.mypos.com/build/node_modules/flag-icon-css/flags/4x3/cw.8e4cecbf.svg]
[merchant.mypos.com/build/node_modules/flag-icon-css/flags/1x1/cw.3fc45037.svg]
[merchant.mypos.com/build/node_modules/flag-icon-css/flags/4x3/cy.70de54e6.svg]
[merchant.mypos.com/build/node_modules/flag-icon-css/flags/1x1/cy.bdc1fde2.svg]
[merchant.mypos.com/build/node_modules/flag-icon-css/flags/4x3/cz.8ef2bc6a.svg]
[merchant.mypos.com/build/node_modules/flag-icon-css/flags/1x1/cz.1b3452b8.svg]
[merchant.mypos.com/build/node_modules/flag-icon-css/flags/4x3/ci.b1030b2b.svg]
[merchant.mypos.com/build/node_modules/flag-icon-css/flags/1x1/ci.6f06682e.svg]
[merchant.mypos.com/build/node_modules/flag-icon-css/flags/4x3/dk.f4e8fc53.svg]
[merchant.mypos.com/build/node_modules/flag-icon-css/flags/1x1/dk.c2e570fa.svg]
[merchant.mypos.com/build/node_modules/flag-icon-css/flags/4x3/dj.76f4cdf5.svg]
[merchant.mypos.com/build/node_modules/flag-icon-css/flags/1x1/dj.278a5a5f.svg]
[merchant.mypos.com/build/node_modules/flag-icon-css/flags/4x3/dm.46675764.svg]
[merchant.mypos.com/build/node_modules/flag-icon-css/flags/1x1/dm.dc345577.svg]
[merchant.mypos.com/build/node_modules/flag-icon-css/flags/4x3/do.c05850db.svg]
[merchant.mypos.com/build/node_modules/flag-icon-css/flags/1x1/do.64a9810e.svg]
[merchant.mypos.com/build/node_modules/flag-icon-css/flags/4x3/ec.3ea7f906.svg]
[merchant.mypos.com/build/node_modules/flag-icon-css/flags/1x1/ec.7be6ca13.svg]
[merchant.mypos.com/build/node_modules/flag-icon-css/flags/4x3/eg.b3580df9.svg]
[merchant.mypos.com/build/node_modules/flag-icon-css/flags/1x1/eg.c6ff8d6c.svg]
[merchant.mypos.com/build/node_modules/flag-icon-css/flags/4x3/sv.3bb132d7.svg]
[merchant.mypos.com/build/node_modules/flag-icon-css/flags/1x1/sv.f4b33140.svg]
[merchant.mypos.com/build/node_modules/flag-icon-css/flags/4x3/gq.c2cb1adb.svg]
[merchant.mypos.com/build/node_modules/flag-icon-css/flags/1x1/gq.89421f59.svg]
[merchant.mypos.com/build/node_modules/flag-icon-css/flags/4x3/er.458bc299.svg]
[merchant.mypos.com/build/node_modules/flag-icon-css/flags/1x1/er.ff62e272.svg]
[merchant.mypos.com/build/node_modules/flag-icon-css/flags/4x3/ee.887a78f0.svg]
[merchant.mypos.com/build/node_modules/flag-icon-css/flags/1x1/ee.7b6b8abc.svg]
[merchant.mypos.com/build/node_modules/flag-icon-css/flags/4x3/et.cbe354bb.svg]
[merchant.mypos.com/build/node_modules/flag-icon-css/flags/1x1/et.061591dd.svg]
[merchant.mypos.com/build/node_modules/flag-icon-css/flags/4x3/fk.ddc6bd17.svg]
[merchant.mypos.com/build/node_modules/flag-icon-css/flags/1x1/fk.fe8e733a.svg]
[merchant.mypos.com/build/node_modules/flag-icon-css/flags/4x3/fo.f284df39.svg]
[merchant.mypos.com/build/node_modules/flag-icon-css/flags/1x1/fo.8b4db68d.svg]
[merchant.mypos.com/build/node_modules/flag-icon-css/flags/4x3/fj.f3d86add.svg]
[merchant.mypos.com/build/node_modules/flag-icon-css/flags/1x1/fj.55dd1c6e.svg]
[merchant.mypos.com/build/node_modules/flag-icon-css/flags/4x3/fi.3b522e7f.svg]
[merchant.mypos.com/build/node_modules/flag-icon-css/flags/1x1/fi.eb793b74.svg]
[merchant.mypos.com/build/node_modules/flag-icon-css/flags/4x3/fr.81d43a15.svg]
[merchant.mypos.com/build/node_modules/flag-icon-css/flags/1x1/fr.c88df329.svg]
[merchant.mypos.com/build/node_modules/flag-icon-css/flags/4x3/gf.695a47d6.svg]
[merchant.mypos.com/build/node_modules/flag-icon-css/flags/1x1/gf.74219f32.svg]
[merchant.mypos.com/build/node_modules/flag-icon-css/flags/4x3/pf.296e9459.svg]
[merchant.mypos.com/build/node_modules/flag-icon-css/flags/1x1/pf.fbd548e6.svg]
[merchant.mypos.com/build/node_modules/flag-icon-css/flags/4x3/tf.cf4959c4.svg]
[merchant.mypos.com/build/node_modules/flag-icon-css/flags/1x1/tf.aaea08de.svg]
[merchant.mypos.com/build/node_modules/flag-icon-css/flags/4x3/ga.4257c8ec.svg]
[merchant.mypos.com/build/node_modules/flag-icon-css/flags/1x1/ga.dec83263.svg]
[merchant.mypos.com/build/node_modules/flag-icon-css/flags/4x3/gm.cdfdf8bc.svg]
[merchant.mypos.com/build/node_modules/flag-icon-css/flags/1x1/gm.65c86e0a.svg]
[merchant.mypos.com/build/node_modules/flag-icon-css/flags/4x3/ge.98cf9dc1.svg]
[merchant.mypos.com/build/node_modules/flag-icon-css/flags/1x1/ge.7ccc29e2.svg]
[merchant.mypos.com/build/node_modules/flag-icon-css/flags/4x3/de.7e82f4c7.svg]
[merchant.mypos.com/build/node_modules/flag-icon-css/flags/1x1/de.11d88d2b.svg]
[merchant.mypos.com/build/node_modules/flag-icon-css/flags/4x3/gh.d060e231.svg]
[merchant.mypos.com/build/node_modules/flag-icon-css/flags/1x1/gh.286f4413.svg]
[merchant.mypos.com/build/node_modules/flag-icon-css/flags/4x3/gi.345b700f.svg]
[merchant.mypos.com/build/node_modules/flag-icon-css/flags/1x1/gi.e73af104.svg]
[merchant.mypos.com/build/node_modules/flag-icon-css/flags/4x3/gr.e2d01167.svg]
[merchant.mypos.com/build/node_modules/flag-icon-css/flags/1x1/gr.c51a52c4.svg]
[merchant.mypos.com/build/node_modules/flag-icon-css/flags/4x3/gl.84ac5572.svg]
[merchant.mypos.com/build/node_modules/flag-icon-css/flags/1x1/gl.68756f32.svg]
[merchant.mypos.com/build/node_modules/flag-icon-css/flags/4x3/gd.b446a44d.svg]
[merchant.mypos.com/build/node_modules/flag-icon-css/flags/1x1/gd.1b313417.svg]
[merchant.mypos.com/build/node_modules/flag-icon-css/flags/4x3/gp.092b6bf9.svg]
[merchant.mypos.com/build/node_modules/flag-icon-css/flags/1x1/gp.30b1d26c.svg]
[merchant.mypos.com/build/node_modules/flag-icon-css/flags/4x3/gu.459831ea.svg]
[merchant.mypos.com/build/node_modules/flag-icon-css/flags/1x1/gu.35820090.svg]
[merchant.mypos.com/build/node_modules/flag-icon-css/flags/4x3/gt.ccfc27d3.svg]
[merchant.mypos.com/build/node_modules/flag-icon-css/flags/1x1/gt.3d87ccc4.svg]
[merchant.mypos.com/build/node_modules/flag-icon-css/flags/4x3/gg.6b23b5b1.svg]
[merchant.mypos.com/build/node_modules/flag-icon-css/flags/1x1/gg.30f47622.svg]
[merchant.mypos.com/build/node_modules/flag-icon-css/flags/4x3/gn.bf5b0873.svg]
[merchant.mypos.com/build/node_modules/flag-icon-css/flags/1x1/gn.7bf7a35a.svg]
[merchant.mypos.com/build/node_modules/flag-icon-css/flags/4x3/gw.f29eedfe.svg]
[merchant.mypos.com/build/node_modules/flag-icon-css/flags/1x1/gw.f647ba54.svg]
[merchant.mypos.com/build/node_modules/flag-icon-css/flags/4x3/gy.49a30b4f.svg]
[merchant.mypos.com/build/node_modules/flag-icon-css/flags/1x1/gy.43c003e2.svg]
[merchant.mypos.com/build/node_modules/flag-icon-css/flags/4x3/ht.3af38bff.svg]
[merchant.mypos.com/build/node_modules/flag-icon-css/flags/1x1/ht.663996cf.svg]
[merchant.mypos.com/build/node_modules/flag-icon-css/flags/4x3/hm.fdd5197f.svg]
[merchant.mypos.com/build/node_modules/flag-icon-css/flags/1x1/hm.8b4c33d4.svg]
[merchant.mypos.com/build/node_modules/flag-icon-css/flags/4x3/va.6d6a5ae6.svg]
[merchant.mypos.com/build/node_modules/flag-icon-css/flags/1x1/va.555e01bd.svg]
[merchant.mypos.com/build/node_modules/flag-icon-css/flags/4x3/hn.f53ee3d6.svg]
[merchant.mypos.com/build/node_modules/flag-icon-css/flags/1x1/hn.ebef2cd5.svg]
[merchant.mypos.com/build/node_modules/flag-icon-css/flags/4x3/hk.c0a93c08.svg]
[merchant.mypos.com/build/node_modules/flag-icon-css/flags/1x1/hk.5a112207.svg]
[merchant.mypos.com/build/node_modules/flag-icon-css/flags/4x3/hu.bcbd2770.svg]
[merchant.mypos.com/build/node_modules/flag-icon-css/flags/1x1/hu.7ae2a1f0.svg]
[merchant.mypos.com/build/node_modules/flag-icon-css/flags/4x3/is.2dfa14d1.svg]
[merchant.mypos.com/build/node_modules/flag-icon-css/flags/1x1/is.1842f1a9.svg]
[merchant.mypos.com/build/node_modules/flag-icon-css/flags/4x3/in.e5926cb7.svg]
[merchant.mypos.com/build/node_modules/flag-icon-css/flags/1x1/in.e626d1bb.svg]
[merchant.mypos.com/build/node_modules/flag-icon-css/flags/4x3/id.e2afd171.svg]
[merchant.mypos.com/build/node_modules/flag-icon-css/flags/1x1/id.0b7fa609.svg]
[merchant.mypos.com/build/node_modules/flag-icon-css/flags/4x3/ir.12e7432b.svg]
[merchant.mypos.com/build/node_modules/flag-icon-css/flags/1x1/ir.c945dfdf.svg]
[merchant.mypos.com/build/node_modules/flag-icon-css/flags/4x3/iq.5cd51d2b.svg]
[merchant.mypos.com/build/node_modules/flag-icon-css/flags/1x1/iq.e549011e.svg]
[merchant.mypos.com/build/node_modules/flag-icon-css/flags/4x3/ie.5ecf710f.svg]
[merchant.mypos.com/build/node_modules/flag-icon-css/flags/1x1/ie.1b0ac4e7.svg]
[merchant.mypos.com/build/node_modules/flag-icon-css/flags/4x3/im.b21ce587.svg]
[merchant.mypos.com/build/node_modules/flag-icon-css/flags/1x1/im.d637f63b.svg]
[merchant.mypos.com/build/node_modules/flag-icon-css/flags/4x3/il.4c70e232.svg]
[merchant.mypos.com/build/node_modules/flag-icon-css/flags/1x1/il.3bc4ce04.svg]
[merchant.mypos.com/build/node_modules/flag-icon-css/flags/4x3/it.290f2fec.svg]
[merchant.mypos.com/build/node_modules/flag-icon-css/flags/1x1/it.9938f4b9.svg]
[merchant.mypos.com/build/node_modules/flag-icon-css/flags/4x3/jm.6bb96bbc.svg]
[merchant.mypos.com/build/node_modules/flag-icon-css/flags/1x1/jm.74ccffca.svg]
[merchant.mypos.com/build/node_modules/flag-icon-css/flags/4x3/jp.19c631c1.svg]
[merchant.mypos.com/build/node_modules/flag-icon-css/flags/1x1/jp.980c12c5.svg]
[merchant.mypos.com/build/node_modules/flag-icon-css/flags/4x3/je.7a0b4850.svg]
[merchant.mypos.com/build/node_modules/flag-icon-css/flags/1x1/je.e1bb30f3.svg]
[merchant.mypos.com/build/node_modules/flag-icon-css/flags/4x3/jo.f41fe7d2.svg]
[merchant.mypos.com/build/node_modules/flag-icon-css/flags/1x1/jo.e678dae8.svg]
[merchant.mypos.com/build/node_modules/flag-icon-css/flags/4x3/kz.7194851e.svg]
[merchant.mypos.com/build/node_modules/flag-icon-css/flags/1x1/kz.f528d170.svg]
[merchant.mypos.com/build/node_modules/flag-icon-css/flags/4x3/ke.74aaf585.svg]
[merchant.mypos.com/build/node_modules/flag-icon-css/flags/1x1/ke.9ea89091.svg]
[merchant.mypos.com/build/node_modules/flag-icon-css/flags/4x3/ki.de100d30.svg]
[merchant.mypos.com/build/node_modules/flag-icon-css/flags/1x1/ki.32000b05.svg]
[merchant.mypos.com/build/node_modules/flag-icon-css/flags/4x3/kp.8d10def4.svg]
[merchant.mypos.com/build/node_modules/flag-icon-css/flags/1x1/kp.2e79afa2.svg]
[merchant.mypos.com/build/node_modules/flag-icon-css/flags/4x3/kr.939387c3.svg]
[merchant.mypos.com/build/node_modules/flag-icon-css/flags/1x1/kr.9406f22f.svg]
[merchant.mypos.com/build/node_modules/flag-icon-css/flags/4x3/kw.2dce482d.svg]
[merchant.mypos.com/build/node_modules/flag-icon-css/flags/1x1/kw.a3a60802.svg]
[merchant.mypos.com/build/node_modules/flag-icon-css/flags/4x3/kg.1fe994c1.svg]
[merchant.mypos.com/build/node_modules/flag-icon-css/flags/1x1/kg.4ad89b3a.svg]
[merchant.mypos.com/build/node_modules/flag-icon-css/flags/4x3/la.8d6ad26b.svg]
[merchant.mypos.com/build/node_modules/flag-icon-css/flags/1x1/la.80cf2b55.svg]
[merchant.mypos.com/build/node_modules/flag-icon-css/flags/4x3/lv.9a5d132c.svg]
[merchant.mypos.com/build/node_modules/flag-icon-css/flags/1x1/lv.2ce7f836.svg]
[merchant.mypos.com/build/node_modules/flag-icon-css/flags/4x3/lb.75479923.svg]
[merchant.mypos.com/build/node_modules/flag-icon-css/flags/1x1/lb.940cc75a.svg]
[merchant.mypos.com/build/node_modules/flag-icon-css/flags/4x3/ls.0de0f907.svg]
[merchant.mypos.com/build/node_modules/flag-icon-css/flags/1x1/ls.cddead61.svg]
[merchant.mypos.com/build/node_modules/flag-icon-css/flags/4x3/lr.3a7c494b.svg]
[merchant.mypos.com/build/node_modules/flag-icon-css/flags/1x1/lr.74dcec3f.svg]
[merchant.mypos.com/build/node_modules/flag-icon-css/flags/4x3/ly.0ea8dfce.svg]
[merchant.mypos.com/build/node_modules/flag-icon-css/flags/1x1/ly.9d867c1b.svg]
[merchant.mypos.com/build/node_modules/flag-icon-css/flags/4x3/li.69a1d60c.svg]
[merchant.mypos.com/build/node_modules/flag-icon-css/flags/1x1/li.572f9027.svg]
[merchant.mypos.com/build/node_modules/flag-icon-css/flags/4x3/lt.4c19d3a9.svg]
[merchant.mypos.com/build/node_modules/flag-icon-css/flags/1x1/lt.2ea82cfc.svg]
[merchant.mypos.com/build/node_modules/flag-icon-css/flags/4x3/lu.adc8f77e.svg]
[merchant.mypos.com/build/node_modules/flag-icon-css/flags/1x1/lu.b843e643.svg]
[merchant.mypos.com/build/node_modules/flag-icon-css/flags/4x3/mo.ac9b1701.svg]
[merchant.mypos.com/build/node_modules/flag-icon-css/flags/1x1/mo.8d484888.svg]
[merchant.mypos.com/build/node_modules/flag-icon-css/flags/4x3/mk.31ba11ec.svg]
[merchant.mypos.com/build/node_modules/flag-icon-css/flags/1x1/mk.c370fe88.svg]
[merchant.mypos.com/build/node_modules/flag-icon-css/flags/4x3/mg.f9101073.svg]
[merchant.mypos.com/build/node_modules/flag-icon-css/flags/1x1/mg.5bdc14fe.svg]
[merchant.mypos.com/build/node_modules/flag-icon-css/flags/4x3/mw.b4d805ef.svg]
[merchant.mypos.com/build/node_modules/flag-icon-css/flags/1x1/mw.6807c4fd.svg]
[merchant.mypos.com/build/node_modules/flag-icon-css/flags/4x3/my.0d298a9e.svg]
[merchant.mypos.com/build/node_modules/flag-icon-css/flags/1x1/my.848fbf91.svg]
[merchant.mypos.com/build/node_modules/flag-icon-css/flags/4x3/mv.0329f53c.svg]
[merchant.mypos.com/build/node_modules/flag-icon-css/flags/1x1/mv.91b2c27c.svg]
[merchant.mypos.com/build/node_modules/flag-icon-css/flags/4x3/ml.18083e46.svg]
[merchant.mypos.com/build/node_modules/flag-icon-css/flags/1x1/ml.d11c3063.svg]
[merchant.mypos.com/build/node_modules/flag-icon-css/flags/4x3/mt.c91049a1.svg]
[merchant.mypos.com/build/node_modules/flag-icon-css/flags/1x1/mt.0c23ea35.svg]
[merchant.mypos.com/build/node_modules/flag-icon-css/flags/4x3/mh.c0b2e372.svg]
[merchant.mypos.com/build/node_modules/flag-icon-css/flags/1x1/mh.7ec670b4.svg]
[merchant.mypos.com/build/node_modules/flag-icon-css/flags/4x3/mq.e82d6df9.svg]
[merchant.mypos.com/build/node_modules/flag-icon-css/flags/1x1/mq.09c19f65.svg]
[merchant.mypos.com/build/node_modules/flag-icon-css/flags/4x3/mr.3642790a.svg]
[merchant.mypos.com/build/node_modules/flag-icon-css/flags/1x1/mr.7211bfd4.svg]
[merchant.mypos.com/build/node_modules/flag-icon-css/flags/4x3/mu.97beced4.svg]
[merchant.mypos.com/build/node_modules/flag-icon-css/flags/1x1/mu.d7d71f03.svg]
[merchant.mypos.com/build/node_modules/flag-icon-css/flags/4x3/yt.5c77b047.svg]
[merchant.mypos.com/build/node_modules/flag-icon-css/flags/1x1/yt.bf9663ae.svg]
[merchant.mypos.com/build/node_modules/flag-icon-css/flags/4x3/mx.bc63d25b.svg]
[merchant.mypos.com/build/node_modules/flag-icon-css/flags/1x1/mx.05c8d697.svg]
[merchant.mypos.com/build/node_modules/flag-icon-css/flags/4x3/fm.3bfd96ee.svg]
[merchant.mypos.com/build/node_modules/flag-icon-css/flags/1x1/fm.1579e5b6.svg]
[merchant.mypos.com/build/node_modules/flag-icon-css/flags/4x3/md.4d08e48e.svg]
[merchant.mypos.com/build/node_modules/flag-icon-css/flags/1x1/md.efdfab01.svg]
[merchant.mypos.com/build/node_modules/flag-icon-css/flags/4x3/mc.a2634c60.svg]
[merchant.mypos.com/build/node_modules/flag-icon-css/flags/1x1/mc.082fc155.svg]
[merchant.mypos.com/build/node_modules/flag-icon-css/flags/4x3/mn.5e4557f7.svg]
[merchant.mypos.com/build/node_modules/flag-icon-css/flags/1x1/mn.291814d6.svg]
[merchant.mypos.com/build/node_modules/flag-icon-css/flags/4x3/me.0b785614.svg]
[merchant.mypos.com/build/node_modules/flag-icon-css/flags/1x1/me.4c8b84af.svg]
[merchant.mypos.com/build/node_modules/flag-icon-css/flags/4x3/ms.9474f8cf.svg]
[merchant.mypos.com/build/node_modules/flag-icon-css/flags/1x1/ms.8f7c2042.svg]
[merchant.mypos.com/build/node_modules/flag-icon-css/flags/4x3/ma.363a4f79.svg]
[merchant.mypos.com/build/node_modules/flag-icon-css/flags/1x1/ma.3b79aff1.svg]
[merchant.mypos.com/build/node_modules/flag-icon-css/flags/4x3/mz.dac5f7ee.svg]
[merchant.mypos.com/build/node_modules/flag-icon-css/flags/1x1/mz.dcf8977e.svg]
[merchant.mypos.com/build/node_modules/flag-icon-css/flags/4x3/mm.6f93c6d0.svg]
[merchant.mypos.com/build/node_modules/flag-icon-css/flags/1x1/mm.7068544f.svg]
[merchant.mypos.com/build/node_modules/flag-icon-css/flags/4x3/na.e241f816.svg]
[merchant.mypos.com/build/node_modules/flag-icon-css/flags/1x1/na.27bc2313.svg]
[merchant.mypos.com/build/node_modules/flag-icon-css/flags/4x3/nr.dcf2ea3a.svg]
[merchant.mypos.com/build/node_modules/flag-icon-css/flags/1x1/nr.1f7cfffb.svg]
[merchant.mypos.com/build/node_modules/flag-icon-css/flags/4x3/np.ecc31e52.svg]
[merchant.mypos.com/build/node_modules/flag-icon-css/flags/1x1/np.f7885aa6.svg]
[merchant.mypos.com/build/node_modules/flag-icon-css/flags/4x3/nl.21eb77dc.svg]
[merchant.mypos.com/build/node_modules/flag-icon-css/flags/1x1/nl.f9d570ec.svg]
[merchant.mypos.com/build/node_modules/flag-icon-css/flags/4x3/nc.5681de45.svg]
[merchant.mypos.com/build/node_modules/flag-icon-css/flags/1x1/nc.046cebb8.svg]
[merchant.mypos.com/build/node_modules/flag-icon-css/flags/4x3/nz.4dedf09b.svg]
[merchant.mypos.com/build/node_modules/flag-icon-css/flags/1x1/nz.37be84f4.svg]
[merchant.mypos.com/build/node_modules/flag-icon-css/flags/4x3/ni.d30c0377.svg]
[merchant.mypos.com/build/node_modules/flag-icon-css/flags/1x1/ni.52cfeebf.svg]
[merchant.mypos.com/build/node_modules/flag-icon-css/flags/4x3/ne.6fd3ccde.svg]
[merchant.mypos.com/build/node_modules/flag-icon-css/flags/1x1/ne.64f5ff14.svg]
[merchant.mypos.com/build/node_modules/flag-icon-css/flags/4x3/ng.b69ed1e5.svg]
[merchant.mypos.com/build/node_modules/flag-icon-css/flags/1x1/ng.caaf4120.svg]
[merchant.mypos.com/build/node_modules/flag-icon-css/flags/4x3/nu.770e6779.svg]
[merchant.mypos.com/build/node_modules/flag-icon-css/flags/1x1/nu.9deebec5.svg]
[merchant.mypos.com/build/node_modules/flag-icon-css/flags/4x3/nf.7a4f3d1b.svg]
[merchant.mypos.com/build/node_modules/flag-icon-css/flags/1x1/nf.7c3216dc.svg]
[merchant.mypos.com/build/node_modules/flag-icon-css/flags/4x3/mp.394b0c91.svg]
[merchant.mypos.com/build/node_modules/flag-icon-css/flags/1x1/mp.b0a5ed44.svg]
[merchant.mypos.com/build/node_modules/flag-icon-css/flags/4x3/no.6df96bb2.svg]
[merchant.mypos.com/build/node_modules/flag-icon-css/flags/1x1/no.266dbd6f.svg]
[merchant.mypos.com/build/node_modules/flag-icon-css/flags/4x3/om.716feea5.svg]
[merchant.mypos.com/build/node_modules/flag-icon-css/flags/1x1/om.09e65f88.svg]
[merchant.mypos.com/build/node_modules/flag-icon-css/flags/4x3/pk.8f9276eb.svg]
[merchant.mypos.com/build/node_modules/flag-icon-css/flags/1x1/pk.0e17f31b.svg]
[merchant.mypos.com/build/node_modules/flag-icon-css/flags/4x3/pw.5f3d8d8e.svg]
[merchant.mypos.com/build/node_modules/flag-icon-css/flags/1x1/pw.666cd05f.svg]
[merchant.mypos.com/build/node_modules/flag-icon-css/flags/4x3/ps.77489c5e.svg]
[merchant.mypos.com/build/node_modules/flag-icon-css/flags/1x1/ps.451101ef.svg]
[merchant.mypos.com/build/node_modules/flag-icon-css/flags/4x3/pa.8788ab50.svg]
[merchant.mypos.com/build/node_modules/flag-icon-css/flags/1x1/pa.69b3b905.svg]
[merchant.mypos.com/build/node_modules/flag-icon-css/flags/4x3/pg.dcb8c4ab.svg]
[merchant.mypos.com/build/node_modules/flag-icon-css/flags/1x1/pg.9ebf0bb3.svg]
[merchant.mypos.com/build/node_modules/flag-icon-css/flags/4x3/py.51b0bef3.svg]
[merchant.mypos.com/build/node_modules/flag-icon-css/flags/1x1/py.b19bb0ae.svg]
[merchant.mypos.com/build/node_modules/flag-icon-css/flags/4x3/pe.9e2ec84a.svg]
[merchant.mypos.com/build/node_modules/flag-icon-css/flags/1x1/pe.83c26459.svg]
[merchant.mypos.com/build/node_modules/flag-icon-css/flags/4x3/ph.596b9b66.svg]
[merchant.mypos.com/build/node_modules/flag-icon-css/flags/1x1/ph.374bb0d6.svg]
[merchant.mypos.com/build/node_modules/flag-icon-css/flags/4x3/pn.0911edda.svg]
[merchant.mypos.com/build/node_modules/flag-icon-css/flags/1x1/pn.ab7259a9.svg]
[merchant.mypos.com/build/node_modules/flag-icon-css/flags/4x3/pl.7ea4b5b2.svg]
[merchant.mypos.com/build/node_modules/flag-icon-css/flags/1x1/pl.9400273d.svg]
[merchant.mypos.com/build/node_modules/flag-icon-css/flags/4x3/pt.b89a5b80.svg]
[merchant.mypos.com/build/node_modules/flag-icon-css/flags/1x1/pt.5697f297.svg]
[merchant.mypos.com/build/node_modules/flag-icon-css/flags/4x3/pr.7845ecd7.svg]
[merchant.mypos.com/build/node_modules/flag-icon-css/flags/1x1/pr.836bcb81.svg]
[merchant.mypos.com/build/node_modules/flag-icon-css/flags/4x3/qa.90240e60.svg]
[merchant.mypos.com/build/node_modules/flag-icon-css/flags/1x1/qa.c08921ec.svg]
[merchant.mypos.com/build/node_modules/flag-icon-css/flags/4x3/ro.ea966c3d.svg]
[merchant.mypos.com/build/node_modules/flag-icon-css/flags/1x1/ro.51182fc9.svg]
[merchant.mypos.com/build/node_modules/flag-icon-css/flags/4x3/ru.f1c2ba49.svg]
[merchant.mypos.com/build/node_modules/flag-icon-css/flags/1x1/ru.f7600362.svg]
[merchant.mypos.com/build/node_modules/flag-icon-css/flags/4x3/rw.26854553.svg]
[merchant.mypos.com/build/node_modules/flag-icon-css/flags/1x1/rw.02a8a07e.svg]
[merchant.mypos.com/build/node_modules/flag-icon-css/flags/4x3/re.f05b5f16.svg]
[merchant.mypos.com/build/node_modules/flag-icon-css/flags/1x1/re.7e8577e9.svg]
[merchant.mypos.com/build/node_modules/flag-icon-css/flags/4x3/bl.6a6bc7f1.svg]
[merchant.mypos.com/build/node_modules/flag-icon-css/flags/1x1/bl.669bbb82.svg]
[merchant.mypos.com/build/node_modules/flag-icon-css/flags/4x3/sh.c5ab8c6e.svg]
[merchant.mypos.com/build/node_modules/flag-icon-css/flags/1x1/sh.acd7b6ef.svg]
[merchant.mypos.com/build/node_modules/flag-icon-css/flags/4x3/kn.a4e974e8.svg]
[merchant.mypos.com/build/node_modules/flag-icon-css/flags/1x1/kn.091a5508.svg]
[merchant.mypos.com/build/node_modules/flag-icon-css/flags/4x3/lc.c6488de9.svg]
[merchant.mypos.com/build/node_modules/flag-icon-css/flags/1x1/lc.0d361ba5.svg]
[merchant.mypos.com/build/node_modules/flag-icon-css/flags/4x3/mf.2d96a80b.svg]
[merchant.mypos.com/build/node_modules/flag-icon-css/flags/1x1/mf.c02a78fb.svg]
[merchant.mypos.com/build/node_modules/flag-icon-css/flags/4x3/pm.c5a64f87.svg]
[merchant.mypos.com/build/node_modules/flag-icon-css/flags/1x1/pm.7582c30f.svg]
[merchant.mypos.com/build/node_modules/flag-icon-css/flags/4x3/vc.e1903424.svg]
[merchant.mypos.com/build/node_modules/flag-icon-css/flags/1x1/vc.26140175.svg]
[merchant.mypos.com/build/node_modules/flag-icon-css/flags/4x3/ws.a6817aa9.svg]
[merchant.mypos.com/build/node_modules/flag-icon-css/flags/1x1/ws.81cbff3d.svg]
[merchant.mypos.com/build/node_modules/flag-icon-css/flags/4x3/sm.7e23c952.svg]
[merchant.mypos.com/build/node_modules/flag-icon-css/flags/1x1/sm.b57f6605.svg]
[merchant.mypos.com/build/node_modules/flag-icon-css/flags/4x3/st.72697a87.svg]
[merchant.mypos.com/build/node_modules/flag-icon-css/flags/1x1/st.342a4d3c.svg]
[merchant.mypos.com/build/node_modules/flag-icon-css/flags/4x3/sa.b9a34657.svg]
[merchant.mypos.com/build/node_modules/flag-icon-css/flags/1x1/sa.dbdc272c.svg]
[merchant.mypos.com/build/node_modules/flag-icon-css/flags/4x3/sn.1ce79520.svg]
[merchant.mypos.com/build/node_modules/flag-icon-css/flags/1x1/sn.a03bc309.svg]
[merchant.mypos.com/build/node_modules/flag-icon-css/flags/4x3/rs.51e6180c.svg]
[merchant.mypos.com/build/node_modules/flag-icon-css/flags/1x1/rs.3b67d7be.svg]
[merchant.mypos.com/build/node_modules/flag-icon-css/flags/4x3/sc.9ba01346.svg]
[merchant.mypos.com/build/node_modules/flag-icon-css/flags/1x1/sc.8357ba15.svg]
[merchant.mypos.com/build/node_modules/flag-icon-css/flags/4x3/sl.4fd17d63.svg]
[merchant.mypos.com/build/node_modules/flag-icon-css/flags/1x1/sl.f1772cd4.svg]
[merchant.mypos.com/build/node_modules/flag-icon-css/flags/4x3/sg.e6a27ad3.svg]
[merchant.mypos.com/build/node_modules/flag-icon-css/flags/1x1/sg.9751741f.svg]
[merchant.mypos.com/build/node_modules/flag-icon-css/flags/4x3/sx.aafb13f6.svg]
[merchant.mypos.com/build/node_modules/flag-icon-css/flags/1x1/sx.ce647f25.svg]
[merchant.mypos.com/build/node_modules/flag-icon-css/flags/4x3/sk.be58e557.svg]
[merchant.mypos.com/build/node_modules/flag-icon-css/flags/1x1/sk.56398576.svg]
[merchant.mypos.com/build/node_modules/flag-icon-css/flags/4x3/si.7f576d87.svg]
[merchant.mypos.com/build/node_modules/flag-icon-css/flags/1x1/si.d38938fc.svg]
[merchant.mypos.com/build/node_modules/flag-icon-css/flags/4x3/sb.2c405bb6.svg]
[merchant.mypos.com/build/node_modules/flag-icon-css/flags/1x1/sb.00988e02.svg]
[merchant.mypos.com/build/node_modules/flag-icon-css/flags/4x3/so.d1a7d3e1.svg]
[merchant.mypos.com/build/node_modules/flag-icon-css/flags/1x1/so.34b037a7.svg]
[merchant.mypos.com/build/node_modules/flag-icon-css/flags/4x3/za.83099da2.svg]
[merchant.mypos.com/build/node_modules/flag-icon-css/flags/1x1/za.3c71a2a2.svg]
[merchant.mypos.com/build/node_modules/flag-icon-css/flags/4x3/gs.c19adcdd.svg]
[merchant.mypos.com/build/node_modules/flag-icon-css/flags/1x1/gs.a96857cd.svg]
[merchant.mypos.com/build/node_modules/flag-icon-css/flags/4x3/ss.e4bf9bb4.svg]
[merchant.mypos.com/build/node_modules/flag-icon-css/flags/1x1/ss.2ad5a2bb.svg]
[merchant.mypos.com/build/node_modules/flag-icon-css/flags/4x3/es.1a25a96e.svg]
[merchant.mypos.com/build/node_modules/flag-icon-css/flags/1x1/es.b3825b28.svg]
[merchant.mypos.com/build/node_modules/flag-icon-css/flags/4x3/lk.593078c9.svg]
[merchant.mypos.com/build/node_modules/flag-icon-css/flags/1x1/lk.93412c6f.svg]
[merchant.mypos.com/build/node_modules/flag-icon-css/flags/4x3/sd.090d0e10.svg]
[merchant.mypos.com/build/node_modules/flag-icon-css/flags/1x1/sd.cb3da007.svg]
[merchant.mypos.com/build/node_modules/flag-icon-css/flags/4x3/sr.69050490.svg]
[merchant.mypos.com/build/node_modules/flag-icon-css/flags/1x1/sr.4ee19081.svg]
[merchant.mypos.com/build/node_modules/flag-icon-css/flags/4x3/sj.4952c9a6.svg]
[merchant.mypos.com/build/node_modules/flag-icon-css/flags/1x1/sj.bf11a759.svg]
[merchant.mypos.com/build/node_modules/flag-icon-css/flags/4x3/sz.d62f5eab.svg]
[merchant.mypos.com/build/node_modules/flag-icon-css/flags/1x1/sz.5d494168.svg]
[merchant.mypos.com/build/node_modules/flag-icon-css/flags/4x3/se.22333e71.svg]
[merchant.mypos.com/build/node_modules/flag-icon-css/flags/1x1/se.4984ae47.svg]
[merchant.mypos.com/build/node_modules/flag-icon-css/flags/4x3/ch.7a52ef5e.svg]
[merchant.mypos.com/build/node_modules/flag-icon-css/flags/1x1/ch.1113c7e9.svg]
[merchant.mypos.com/build/node_modules/flag-icon-css/flags/4x3/sy.6529aa17.svg]
[merchant.mypos.com/build/node_modules/flag-icon-css/flags/1x1/sy.9d13beb5.svg]
[merchant.mypos.com/build/node_modules/flag-icon-css/flags/4x3/tw.83324ef7.svg]
[merchant.mypos.com/build/node_modules/flag-icon-css/flags/1x1/tw.a72a85cb.svg]
[merchant.mypos.com/build/node_modules/flag-icon-css/flags/4x3/tj.b32f7c01.svg]
[merchant.mypos.com/build/node_modules/flag-icon-css/flags/1x1/tj.e97716ca.svg]
[merchant.mypos.com/build/node_modules/flag-icon-css/flags/4x3/tz.2218434d.svg]
[merchant.mypos.com/build/node_modules/flag-icon-css/flags/1x1/tz.20af2614.svg]
[merchant.mypos.com/build/node_modules/flag-icon-css/flags/4x3/th.b6ade2be.svg]
[merchant.mypos.com/build/node_modules/flag-icon-css/flags/1x1/th.2ca3db46.svg]
[merchant.mypos.com/build/node_modules/flag-icon-css/flags/4x3/tl.503b7926.svg]
[merchant.mypos.com/build/node_modules/flag-icon-css/flags/1x1/tl.c7a146dc.svg]
[merchant.mypos.com/build/node_modules/flag-icon-css/flags/4x3/tg.f97c4ebe.svg]
[merchant.mypos.com/build/node_modules/flag-icon-css/flags/1x1/tg.4abbb528.svg]
[merchant.mypos.com/build/node_modules/flag-icon-css/flags/4x3/tk.54b9e3f9.svg]
[merchant.mypos.com/build/node_modules/flag-icon-css/flags/1x1/tk.e3d850fb.svg]
[merchant.mypos.com/build/node_modules/flag-icon-css/flags/4x3/to.65dda6ec.svg]
[merchant.mypos.com/build/node_modules/flag-icon-css/flags/1x1/to.aaa24511.svg]
[merchant.mypos.com/build/node_modules/flag-icon-css/flags/4x3/tt.b9a6939e.svg]
[merchant.mypos.com/build/node_modules/flag-icon-css/flags/1x1/tt.4252a958.svg]
[merchant.mypos.com/build/node_modules/flag-icon-css/flags/4x3/tn.6cd8c9a4.svg]
[merchant.mypos.com/build/node_modules/flag-icon-css/flags/1x1/tn.8b09464a.svg]
[merchant.mypos.com/build/node_modules/flag-icon-css/flags/4x3/tr.2880fc8e.svg]
[merchant.mypos.com/build/node_modules/flag-icon-css/flags/1x1/tr.c3d773f3.svg]
[merchant.mypos.com/build/node_modules/flag-icon-css/flags/4x3/tm.6de6696b.svg]
[merchant.mypos.com/build/node_modules/flag-icon-css/flags/1x1/tm.44298648.svg]
[merchant.mypos.com/build/node_modules/flag-icon-css/flags/4x3/tc.f4f86583.svg]
[merchant.mypos.com/build/node_modules/flag-icon-css/flags/1x1/tc.0d16f864.svg]
[merchant.mypos.com/build/node_modules/flag-icon-css/flags/4x3/tv.99618ffc.svg]
[merchant.mypos.com/build/node_modules/flag-icon-css/flags/1x1/tv.c87adc62.svg]
[merchant.mypos.com/build/node_modules/flag-icon-css/flags/4x3/ug.83f4207b.svg]
[merchant.mypos.com/build/node_modules/flag-icon-css/flags/1x1/ug.983dd591.svg]
[merchant.mypos.com/build/node_modules/flag-icon-css/flags/4x3/ua.67a46bf7.svg]
[merchant.mypos.com/build/node_modules/flag-icon-css/flags/1x1/ua.2dd397cb.svg]
[merchant.mypos.com/build/node_modules/flag-icon-css/flags/4x3/ae.2c530f64.svg]
[merchant.mypos.com/build/node_modules/flag-icon-css/flags/1x1/ae.23c17470.svg]
[merchant.mypos.com/build/node_modules/flag-icon-css/flags/4x3/gb.ba1c7f5d.svg]
[merchant.mypos.com/build/node_modules/flag-icon-css/flags/1x1/gb.35dbacd7.svg]
[merchant.mypos.com/build/node_modules/flag-icon-css/flags/4x3/us.3cc0d38b.svg]
[merchant.mypos.com/build/node_modules/flag-icon-css/flags/1x1/us.c95087e1.svg]
[merchant.mypos.com/build/node_modules/flag-icon-css/flags/4x3/um.0f5d59d4.svg]
[merchant.mypos.com/build/node_modules/flag-icon-css/flags/1x1/um.c3e06b4d.svg]
[merchant.mypos.com/build/node_modules/flag-icon-css/flags/4x3/uy.4c3f85c5.svg]
[merchant.mypos.com/build/node_modules/flag-icon-css/flags/1x1/uy.091841c8.svg]
[merchant.mypos.com/build/node_modules/flag-icon-css/flags/4x3/uz.6e16292a.svg]
[merchant.mypos.com/build/node_modules/flag-icon-css/flags/1x1/uz.ba79d297.svg]
[merchant.mypos.com/build/node_modules/flag-icon-css/flags/4x3/vu.25acc797.svg]
[merchant.mypos.com/build/node_modules/flag-icon-css/flags/1x1/vu.87d69c18.svg]
[merchant.mypos.com/build/node_modules/flag-icon-css/flags/4x3/ve.b8bb0477.svg]
[merchant.mypos.com/build/node_modules/flag-icon-css/flags/1x1/ve.125ee924.svg]
[merchant.mypos.com/build/node_modules/flag-icon-css/flags/4x3/vn.2301f6f4.svg]
[merchant.mypos.com/build/node_modules/flag-icon-css/flags/1x1/vn.25540177.svg]
[merchant.mypos.com/build/node_modules/flag-icon-css/flags/4x3/vg.7bc5c832.svg]
[merchant.mypos.com/build/node_modules/flag-icon-css/flags/1x1/vg.76c17dc3.svg]
[merchant.mypos.com/build/node_modules/flag-icon-css/flags/4x3/vi.bad0002a.svg]
[merchant.mypos.com/build/node_modules/flag-icon-css/flags/1x1/vi.1ae3b627.svg]
[merchant.mypos.com/build/node_modules/flag-icon-css/flags/4x3/wf.e9a373c6.svg]
[merchant.mypos.com/build/node_modules/flag-icon-css/flags/1x1/wf.55c63880.svg]
[merchant.mypos.com/build/node_modules/flag-icon-css/flags/4x3/eh.8c8b2743.svg]
[merchant.mypos.com/build/node_modules/flag-icon-css/flags/1x1/eh.905fdd08.svg]
[merchant.mypos.com/build/node_modules/flag-icon-css/flags/4x3/ye.f62afcdd.svg]
[merchant.mypos.com/build/node_modules/flag-icon-css/flags/1x1/ye.2289a38e.svg]
[merchant.mypos.com/build/node_modules/flag-icon-css/flags/4x3/zm.79a41234.svg]
[merchant.mypos.com/build/node_modules/flag-icon-css/flags/1x1/zm.a303f51a.svg]
[merchant.mypos.com/build/node_modules/flag-icon-css/flags/4x3/zw.f5ceeff7.svg]
[merchant.mypos.com/build/node_modules/flag-icon-css/flags/1x1/zw.2840e62a.svg]
[merchant.mypos.com/build/node_modules/flag-icon-css/flags/4x3/ax.6651bb25.svg]
[merchant.mypos.com/build/node_modules/flag-icon-css/flags/1x1/ax.c260e9a5.svg]
[merchant.mypos.com/build/node_modules/flag-icon-css/flags/4x3/aq.e3fbc5d0.svg]
[merchant.mypos.com/build/node_modules/flag-icon-css/flags/1x1/aq.e6c275d0.svg]
[merchant.mypos.com/build/assets/common/fonts/Lora.f500fc6f.svg]
[merchant.mypos.com/build/assets/common/fonts/OpenSans.e2667180.svg]
[merchant.mypos.com/build/assets/common/fonts/Cookie.3d2c1945.svg]
[merchant.mypos.com/build/assets/common/fonts/Caveat.078f2233.svg]
[merchant.mypos.com/build/assets/common/fonts/Montserrat-Light.4dbbb19c.svg]
[merchant.mypos.com/it/forgotten-password.html]
[merchant.mypos.com/build/enroll2/js/app.b1d5c8c5.js]
[merchant.mypos.com/build/enroll2/styles/enroll.ae95c181.css]
[merchant.mypos.com/it/login/session-expired.html]
